** Drc report for ModuPad_v2.kicad_pcb **
** Created on 2026-01-26T18:24:12+0500 **

** Found 194 DRC violations **
[copper_edge_clearance]: Board edge clearance violation (board setup constraints edge clearance 0.5000 mm; actual 0.2500 mm)
    Rule: board setup constraints edge; error
    @(50.0000 mm, 50.0000 mm): Rectangle on Edge.Cuts
    @(50.7000 mm, 68.4000 mm): Pad [<no net>] of SW26_SPDT1 on B.Cu
[copper_edge_clearance]: Board edge clearance violation (board setup constraints edge clearance 0.5000 mm; actual 0.2500 mm)
    Rule: board setup constraints edge; error
    @(50.0000 mm, 50.0000 mm): Rectangle on Edge.Cuts
    @(50.7000 mm, 61.0000 mm): Pad [<no net>] of SW26_SPDT1 on B.Cu
[copper_edge_clearance]: Board edge clearance violation (board setup constraints edge clearance 0.5000 mm; actual 0.3500 mm)
    Rule: board setup constraints edge; error
    @(119.8000 mm, 128.2028 mm): Segment of LED_8 on Edge.Cuts
    @(118.7750 mm, 126.7500 mm): Pad 1 [Net-(LED_13-DIN)] of LED_8 on B.Cu
[copper_edge_clearance]: Board edge clearance violation (board setup constraints edge clearance 0.5000 mm; actual 0.3500 mm)
    Rule: board setup constraints edge; error
    @(119.8000 mm, 128.2028 mm): Segment of LED_8 on Edge.Cuts
    @(118.7750 mm, 128.2500 mm): Pad 2 [GND] of LED_8 on B.Cu
[copper_edge_clearance]: Board edge clearance violation (board setup constraints edge clearance 0.5000 mm; actual 0.3500 mm)
    Rule: board setup constraints edge; error
    @(123.2000 mm, 126.7972 mm): Segment of LED_8 on Edge.Cuts
    @(124.2250 mm, 126.7500 mm): Pad 3 [Net-(LED_3-DOUT)] of LED_8 on B.Cu
[copper_edge_clearance]: Board edge clearance violation (board setup constraints edge clearance 0.5000 mm; actual 0.3500 mm)
    Rule: board setup constraints edge; error
    @(123.2000 mm, 126.7972 mm): Segment of LED_8 on Edge.Cuts
    @(124.2250 mm, 128.2500 mm): Pad 4 [VCC] of LED_8 on B.Cu
[copper_edge_clearance]: Board edge clearance violation (board setup constraints edge clearance 0.5000 mm; actual 0.3500 mm)
    Rule: board setup constraints edge; error
    @(81.8000 mm, 128.2028 mm): Segment of LED_18 on Edge.Cuts
    @(80.7750 mm, 126.7500 mm): Pad 1 [Net-(LED_18-DOUT)] of LED_18 on B.Cu
[copper_edge_clearance]: Board edge clearance violation (board setup constraints edge clearance 0.5000 mm; actual 0.3500 mm)
    Rule: board setup constraints edge; error
    @(81.8000 mm, 128.2028 mm): Segment of LED_18 on Edge.Cuts
    @(80.7750 mm, 128.2500 mm): Pad 2 [GND] of LED_18 on B.Cu
[copper_edge_clearance]: Board edge clearance violation (board setup constraints edge clearance 0.5000 mm; actual 0.3500 mm)
    Rule: board setup constraints edge; error
    @(85.2000 mm, 126.7972 mm): Segment of LED_18 on Edge.Cuts
    @(86.2250 mm, 126.7500 mm): Pad 3 [Net-(LED_13-DOUT)] of LED_18 on B.Cu
[copper_edge_clearance]: Board edge clearance violation (board setup constraints edge clearance 0.5000 mm; actual 0.3500 mm)
    Rule: board setup constraints edge; error
    @(85.2000 mm, 126.7972 mm): Segment of LED_18 on Edge.Cuts
    @(86.2250 mm, 128.2500 mm): Pad 4 [VCC] of LED_18 on B.Cu
[copper_edge_clearance]: Board edge clearance violation (board setup constraints edge clearance 0.5000 mm; actual 0.3320 mm)
    Rule: board setup constraints edge; error
    @(62.3000 mm, 126.7972 mm): Arc of LED_23 on Edge.Cuts
    @(61.7750 mm, 126.7500 mm): Pad 1 [unconnected-(LED_23-DOUT-Pad1)] of LED_23 on B.Cu
[copper_edge_clearance]: Board edge clearance violation (board setup constraints edge clearance 0.5000 mm; actual 0.2530 mm)
    Rule: board setup constraints edge; error
    @(63.2010 mm, 128.6366 mm): Arc of LED_23 on Edge.Cuts
    @(61.7750 mm, 128.2500 mm): Pad 2 [GND] of LED_23 on B.Cu
[copper_edge_clearance]: Board edge clearance violation (board setup constraints edge clearance 0.5000 mm; actual 0.3500 mm)
    Rule: board setup constraints edge; error
    @(66.2000 mm, 126.7972 mm): Segment of LED_23 on Edge.Cuts
    @(67.2250 mm, 126.7500 mm): Pad 3 [Net-(LED_18-DOUT)] of LED_23 on B.Cu
[copper_edge_clearance]: Board edge clearance violation (board setup constraints edge clearance 0.5000 mm; actual 0.3500 mm)
    Rule: board setup constraints edge; error
    @(66.2000 mm, 126.7972 mm): Segment of LED_23 on Edge.Cuts
    @(67.2250 mm, 128.2500 mm): Pad 4 [VCC] of LED_23 on B.Cu
[copper_edge_clearance]: Board edge clearance violation (board setup constraints edge clearance 0.5000 mm; actual 0.3500 mm)
    Rule: board setup constraints edge; error
    @(100.8000 mm, 147.2028 mm): Segment of LED_14 on Edge.Cuts
    @(99.7750 mm, 145.7500 mm): Pad 1 [Net-(LED_14-DOUT)] of LED_14 on B.Cu
[copper_edge_clearance]: Board edge clearance violation (board setup constraints edge clearance 0.5000 mm; actual 0.3500 mm)
    Rule: board setup constraints edge; error
    @(100.8000 mm, 147.2028 mm): Segment of LED_14 on Edge.Cuts
    @(99.7750 mm, 147.2500 mm): Pad 2 [GND] of LED_14 on B.Cu
[copper_edge_clearance]: Board edge clearance violation (board setup constraints edge clearance 0.5000 mm; actual 0.3500 mm)
    Rule: board setup constraints edge; error
    @(104.2000 mm, 145.7972 mm): Segment of LED_14 on Edge.Cuts
    @(105.2250 mm, 145.7500 mm): Pad 3 [Net-(LED_14-DIN)] of LED_14 on B.Cu
[copper_edge_clearance]: Board edge clearance violation (board setup constraints edge clearance 0.5000 mm; actual 0.3500 mm)
    Rule: board setup constraints edge; error
    @(104.2000 mm, 145.7972 mm): Segment of LED_14 on Edge.Cuts
    @(105.2250 mm, 147.2500 mm): Pad 4 [VCC] of LED_14 on B.Cu
[copper_edge_clearance]: Board edge clearance violation (board setup constraints edge clearance 0.5000 mm; actual 0.3500 mm)
    Rule: board setup constraints edge; error
    @(100.8000 mm, 109.2028 mm): Segment of LED_12 on Edge.Cuts
    @(99.7750 mm, 107.7500 mm): Pad 1 [Net-(LED_12-DOUT)] of LED_12 on B.Cu
[copper_edge_clearance]: Board edge clearance violation (board setup constraints edge clearance 0.5000 mm; actual 0.2530 mm)
    Rule: board setup constraints edge; error
    @(101.2010 mm, 109.6366 mm): Arc of LED_12 on Edge.Cuts
    @(99.7750 mm, 109.2500 mm): Pad 2 [GND] of LED_12 on B.Cu
[copper_edge_clearance]: Board edge clearance violation (board setup constraints edge clearance 0.5000 mm; actual 0.2530 mm)
    Rule: board setup constraints edge; error
    @(103.7990 mm, 107.3634 mm): Arc of LED_12 on Edge.Cuts
    @(105.2250 mm, 107.7500 mm): Pad 3 [Net-(LED_12-DIN)] of LED_12 on B.Cu
[copper_edge_clearance]: Board edge clearance violation (board setup constraints edge clearance 0.5000 mm; actual 0.3500 mm)
    Rule: board setup constraints edge; error
    @(104.2000 mm, 107.7972 mm): Segment of LED_12 on Edge.Cuts
    @(105.2250 mm, 109.2500 mm): Pad 4 [VCC] of LED_12 on B.Cu
[copper_edge_clearance]: Board edge clearance violation (board setup constraints edge clearance 0.5000 mm; actual 0.3500 mm)
    Rule: board setup constraints edge; error
    @(62.8000 mm, 166.2028 mm): Segment of LED_25 on Edge.Cuts
    @(61.7750 mm, 164.7500 mm): Pad 1 [unconnected-(LED_25-DOUT-Pad1)] of LED_25 on B.Cu
[copper_edge_clearance]: Board edge clearance violation (board setup constraints edge clearance 0.5000 mm; actual 0.3500 mm)
    Rule: board setup constraints edge; error
    @(62.8000 mm, 166.2028 mm): Segment of LED_25 on Edge.Cuts
    @(61.7750 mm, 166.2500 mm): Pad 2 [GND] of LED_25 on B.Cu
[copper_edge_clearance]: Board edge clearance violation (board setup constraints edge clearance 0.5000 mm; actual 0.3500 mm)
    Rule: board setup constraints edge; error
    @(66.2000 mm, 164.7972 mm): Segment of LED_25 on Edge.Cuts
    @(67.2250 mm, 164.7500 mm): Pad 3 [Net-(LED_20-DOUT)] of LED_25 on B.Cu
[copper_edge_clearance]: Board edge clearance violation (board setup constraints edge clearance 0.5000 mm; actual 0.3500 mm)
    Rule: board setup constraints edge; error
    @(66.2000 mm, 164.7972 mm): Segment of LED_25 on Edge.Cuts
    @(67.2250 mm, 166.2500 mm): Pad 4 [VCC] of LED_25 on B.Cu
[copper_edge_clearance]: Board edge clearance violation (board setup constraints edge clearance 0.5000 mm; actual 0.3500 mm)
    Rule: board setup constraints edge; error
    @(119.8000 mm, 109.2028 mm): Segment of LED_7 on Edge.Cuts
    @(118.7750 mm, 107.7500 mm): Pad 1 [Net-(LED_12-DIN)] of LED_7 on B.Cu
[copper_edge_clearance]: Board edge clearance violation (board setup constraints edge clearance 0.5000 mm; actual 0.3500 mm)
    Rule: board setup constraints edge; error
    @(119.8000 mm, 109.2028 mm): Segment of LED_7 on Edge.Cuts
    @(118.7750 mm, 109.2500 mm): Pad 2 [GND] of LED_7 on B.Cu
[copper_edge_clearance]: Board edge clearance violation (board setup constraints edge clearance 0.5000 mm; actual 0.3320 mm)
    Rule: board setup constraints edge; error
    @(123.7000 mm, 107.7972 mm): Arc of LED_7 on Edge.Cuts
    @(124.2250 mm, 107.7500 mm): Pad 3 [Net-(LED_2-DOUT)] of LED_7 on B.Cu
[copper_edge_clearance]: Board edge clearance violation (board setup constraints edge clearance 0.5000 mm; actual 0.3397 mm)
    Rule: board setup constraints edge; error
    @(123.7000 mm, 109.2028 mm): Arc of LED_7 on Edge.Cuts
    @(124.2250 mm, 109.2500 mm): Pad 4 [VCC] of LED_7 on B.Cu
[copper_edge_clearance]: Board edge clearance violation (board setup constraints edge clearance 0.5000 mm; actual 0.3500 mm)
    Rule: board setup constraints edge; error
    @(62.8000 mm, 90.2028 mm): Segment of LED_21 on Edge.Cuts
    @(61.7750 mm, 88.7500 mm): Pad 1 [unconnected-(LED_21-DOUT-Pad1)] of LED_21 on B.Cu
[copper_edge_clearance]: Board edge clearance violation (board setup constraints edge clearance 0.5000 mm; actual 0.3500 mm)
    Rule: board setup constraints edge; error
    @(62.8000 mm, 90.2028 mm): Segment of LED_21 on Edge.Cuts
    @(61.7750 mm, 90.2500 mm): Pad 2 [GND] of LED_21 on B.Cu
[copper_edge_clearance]: Board edge clearance violation (board setup constraints edge clearance 0.5000 mm; actual 0.3500 mm)
    Rule: board setup constraints edge; error
    @(66.2000 mm, 88.7972 mm): Segment of LED_21 on Edge.Cuts
    @(67.2250 mm, 88.7500 mm): Pad 3 [Net-(LED_16-DOUT)] of LED_21 on B.Cu
[copper_edge_clearance]: Board edge clearance violation (board setup constraints edge clearance 0.5000 mm; actual 0.3500 mm)
    Rule: board setup constraints edge; error
    @(66.2000 mm, 88.7972 mm): Segment of LED_21 on Edge.Cuts
    @(67.2250 mm, 90.2500 mm): Pad 4 [VCC] of LED_21 on B.Cu
[copper_edge_clearance]: Board edge clearance violation (board setup constraints edge clearance 0.5000 mm; actual 0.3500 mm)
    Rule: board setup constraints edge; error
    @(62.8000 mm, 109.2028 mm): Segment of LED_22 on Edge.Cuts
    @(61.7750 mm, 107.7500 mm): Pad 1 [unconnected-(LED_22-DOUT-Pad1)] of LED_22 on B.Cu
[copper_edge_clearance]: Board edge clearance violation (board setup constraints edge clearance 0.5000 mm; actual 0.3500 mm)
    Rule: board setup constraints edge; error
    @(62.8000 mm, 109.2028 mm): Segment of LED_22 on Edge.Cuts
    @(61.7750 mm, 109.2500 mm): Pad 2 [GND] of LED_22 on B.Cu
[copper_edge_clearance]: Board edge clearance violation (board setup constraints edge clearance 0.5000 mm; actual 0.3320 mm)
    Rule: board setup constraints edge; error
    @(66.7000 mm, 107.7972 mm): Arc of LED_22 on Edge.Cuts
    @(67.2250 mm, 107.7500 mm): Pad 3 [Net-(LED_17-DOUT)] of LED_22 on B.Cu
[copper_edge_clearance]: Board edge clearance violation (board setup constraints edge clearance 0.5000 mm; actual 0.2533 mm)
    Rule: board setup constraints edge; error
    @(65.7990 mm, 109.6366 mm): Arc of LED_22 on Edge.Cuts
    @(67.2250 mm, 109.2500 mm): Pad 4 [VCC] of LED_22 on B.Cu
[copper_edge_clearance]: Board edge clearance violation (board setup constraints edge clearance 0.5000 mm; actual 0.2531 mm)
    Rule: board setup constraints edge; error
    @(82.2010 mm, 145.3634 mm): Arc of LED_19 on Edge.Cuts
    @(80.7750 mm, 145.7500 mm): Pad 1 [Net-(LED_19-DOUT)] of LED_19 on B.Cu
[copper_edge_clearance]: Board edge clearance violation (board setup constraints edge clearance 0.5000 mm; actual 0.2530 mm)
    Rule: board setup constraints edge; error
    @(82.2010 mm, 147.6366 mm): Arc of LED_19 on Edge.Cuts
    @(80.7750 mm, 147.2500 mm): Pad 2 [GND] of LED_19 on B.Cu
[copper_edge_clearance]: Board edge clearance violation (board setup constraints edge clearance 0.5000 mm; actual 0.3500 mm)
    Rule: board setup constraints edge; error
    @(85.2000 mm, 145.7972 mm): Segment of LED_19 on Edge.Cuts
    @(86.2250 mm, 145.7500 mm): Pad 3 [Net-(LED_14-DOUT)] of LED_19 on B.Cu
[copper_edge_clearance]: Board edge clearance violation (board setup constraints edge clearance 0.5000 mm; actual 0.3500 mm)
    Rule: board setup constraints edge; error
    @(85.2000 mm, 145.7972 mm): Segment of LED_19 on Edge.Cuts
    @(86.2250 mm, 147.2500 mm): Pad 4 [VCC] of LED_19 on B.Cu
[copper_edge_clearance]: Board edge clearance violation (board setup constraints edge clearance 0.5000 mm; actual 0.3500 mm)
    Rule: board setup constraints edge; error
    @(81.8000 mm, 90.2028 mm): Segment of LED_16 on Edge.Cuts
    @(80.7750 mm, 88.7500 mm): Pad 1 [Net-(LED_16-DOUT)] of LED_16 on B.Cu
[copper_edge_clearance]: Board edge clearance violation (board setup constraints edge clearance 0.5000 mm; actual 0.3500 mm)
    Rule: board setup constraints edge; error
    @(81.8000 mm, 90.2028 mm): Segment of LED_16 on Edge.Cuts
    @(80.7750 mm, 90.2500 mm): Pad 2 [GND] of LED_16 on B.Cu
[copper_edge_clearance]: Board edge clearance violation (board setup constraints edge clearance 0.5000 mm; actual 0.3500 mm)
    Rule: board setup constraints edge; error
    @(85.2000 mm, 88.7972 mm): Segment of LED_16 on Edge.Cuts
    @(86.2250 mm, 88.7500 mm): Pad 3 [Net-(LED_11-DOUT)] of LED_16 on B.Cu
[copper_edge_clearance]: Board edge clearance violation (board setup constraints edge clearance 0.5000 mm; actual 0.3500 mm)
    Rule: board setup constraints edge; error
    @(85.2000 mm, 88.7972 mm): Segment of LED_16 on Edge.Cuts
    @(86.2250 mm, 90.2500 mm): Pad 4 [VCC] of LED_16 on B.Cu
[copper_edge_clearance]: Board edge clearance violation (board setup constraints edge clearance 0.5000 mm; actual 0.3500 mm)
    Rule: board setup constraints edge; error
    @(100.8000 mm, 166.2028 mm): Segment of LED_15 on Edge.Cuts
    @(99.7750 mm, 164.7500 mm): Pad 1 [Net-(LED_15-DOUT)] of LED_15 on B.Cu
[copper_edge_clearance]: Board edge clearance violation (board setup constraints edge clearance 0.5000 mm; actual 0.3500 mm)
    Rule: board setup constraints edge; error
    @(100.8000 mm, 166.2028 mm): Segment of LED_15 on Edge.Cuts
    @(99.7750 mm, 166.2500 mm): Pad 2 [GND] of LED_15 on B.Cu
[copper_edge_clearance]: Board edge clearance violation (board setup constraints edge clearance 0.5000 mm; actual 0.3500 mm)
    Rule: board setup constraints edge; error
    @(104.2000 mm, 164.7972 mm): Segment of LED_15 on Edge.Cuts
    @(105.2250 mm, 164.7500 mm): Pad 3 [Net-(LED_10-DOUT)] of LED_15 on B.Cu
[copper_edge_clearance]: Board edge clearance violation (board setup constraints edge clearance 0.5000 mm; actual 0.3500 mm)
    Rule: board setup constraints edge; error
    @(104.2000 mm, 164.7972 mm): Segment of LED_15 on Edge.Cuts
    @(105.2250 mm, 166.2500 mm): Pad 4 [VCC] of LED_15 on B.Cu
[copper_edge_clearance]: Board edge clearance violation (board setup constraints edge clearance 0.5000 mm; actual 0.2531 mm)
    Rule: board setup constraints edge; error
    @(120.2010 mm, 88.3634 mm): Arc of LED_6 on Edge.Cuts
    @(118.7750 mm, 88.7500 mm): Pad 1 [Net-(LED_11-DIN)] of LED_6 on B.Cu
[copper_edge_clearance]: Board edge clearance violation (board setup constraints edge clearance 0.5000 mm; actual 0.3500 mm)
    Rule: board setup constraints edge; error
    @(119.8000 mm, 90.2028 mm): Segment of LED_6 on Edge.Cuts
    @(118.7750 mm, 90.2500 mm): Pad 2 [GND] of LED_6 on B.Cu
[copper_edge_clearance]: Board edge clearance violation (board setup constraints edge clearance 0.5000 mm; actual 0.3500 mm)
    Rule: board setup constraints edge; error
    @(123.2000 mm, 88.7972 mm): Segment of LED_6 on Edge.Cuts
    @(124.2250 mm, 88.7500 mm): Pad 3 [Net-(LED_1-DOUT)] of LED_6 on B.Cu
[copper_edge_clearance]: Board edge clearance violation (board setup constraints edge clearance 0.5000 mm; actual 0.3500 mm)
    Rule: board setup constraints edge; error
    @(123.2000 mm, 88.7972 mm): Segment of LED_6 on Edge.Cuts
    @(124.2250 mm, 90.2500 mm): Pad 4 [VCC] of LED_6 on B.Cu
[copper_edge_clearance]: Board edge clearance violation (board setup constraints edge clearance 0.5000 mm; actual 0.2531 mm)
    Rule: board setup constraints edge; error
    @(101.2010 mm, 126.3634 mm): Arc of LED_13 on Edge.Cuts
    @(99.7750 mm, 126.7500 mm): Pad 1 [Net-(LED_13-DOUT)] of LED_13 on B.Cu
[copper_edge_clearance]: Board edge clearance violation (board setup constraints edge clearance 0.5000 mm; actual 0.3500 mm)
    Rule: board setup constraints edge; error
    @(100.8000 mm, 128.2028 mm): Segment of LED_13 on Edge.Cuts
    @(99.7750 mm, 128.2500 mm): Pad 2 [GND] of LED_13 on B.Cu
[copper_edge_clearance]: Board edge clearance violation (board setup constraints edge clearance 0.5000 mm; actual 0.2530 mm)
    Rule: board setup constraints edge; error
    @(103.7990 mm, 126.3634 mm): Arc of LED_13 on Edge.Cuts
    @(105.2250 mm, 126.7500 mm): Pad 3 [Net-(LED_13-DIN)] of LED_13 on B.Cu
[copper_edge_clearance]: Board edge clearance violation (board setup constraints edge clearance 0.5000 mm; actual 0.3500 mm)
    Rule: board setup constraints edge; error
    @(104.2000 mm, 126.7972 mm): Segment of LED_13 on Edge.Cuts
    @(105.2250 mm, 128.2500 mm): Pad 4 [VCC] of LED_13 on B.Cu
[copper_edge_clearance]: Board edge clearance violation (board setup constraints edge clearance 0.5000 mm; actual 0.2531 mm)
    Rule: board setup constraints edge; error
    @(63.2010 mm, 145.3634 mm): Arc of LED_24 on Edge.Cuts
    @(61.7750 mm, 145.7500 mm): Pad 1 [unconnected-(LED_24-DOUT-Pad1)] of LED_24 on B.Cu
[copper_edge_clearance]: Board edge clearance violation (board setup constraints edge clearance 0.5000 mm; actual 0.3500 mm)
    Rule: board setup constraints edge; error
    @(62.8000 mm, 147.2028 mm): Segment of LED_24 on Edge.Cuts
    @(61.7750 mm, 147.2500 mm): Pad 2 [GND] of LED_24 on B.Cu
[copper_edge_clearance]: Board edge clearance violation (board setup constraints edge clearance 0.5000 mm; actual 0.3500 mm)
    Rule: board setup constraints edge; error
    @(66.2000 mm, 145.7972 mm): Segment of LED_24 on Edge.Cuts
    @(67.2250 mm, 145.7500 mm): Pad 3 [Net-(LED_19-DOUT)] of LED_24 on B.Cu
[copper_edge_clearance]: Board edge clearance violation (board setup constraints edge clearance 0.5000 mm; actual 0.3500 mm)
    Rule: board setup constraints edge; error
    @(66.2000 mm, 145.7972 mm): Segment of LED_24 on Edge.Cuts
    @(67.2250 mm, 147.2500 mm): Pad 4 [VCC] of LED_24 on B.Cu
[copper_edge_clearance]: Board edge clearance violation (board setup constraints edge clearance 0.5000 mm; actual 0.3500 mm)
    Rule: board setup constraints edge; error
    @(119.8000 mm, 166.2028 mm): Segment of LED_10 on Edge.Cuts
    @(118.7750 mm, 164.7500 mm): Pad 1 [Net-(LED_10-DOUT)] of LED_10 on B.Cu
[copper_edge_clearance]: Board edge clearance violation (board setup constraints edge clearance 0.5000 mm; actual 0.3500 mm)
    Rule: board setup constraints edge; error
    @(119.8000 mm, 166.2028 mm): Segment of LED_10 on Edge.Cuts
    @(118.7750 mm, 166.2500 mm): Pad 2 [GND] of LED_10 on B.Cu
[copper_edge_clearance]: Board edge clearance violation (board setup constraints edge clearance 0.5000 mm; actual 0.3500 mm)
    Rule: board setup constraints edge; error
    @(123.2000 mm, 164.7972 mm): Segment of LED_10 on Edge.Cuts
    @(124.2250 mm, 164.7500 mm): Pad 3 [Net-(LED_10-DIN)] of LED_10 on B.Cu
[copper_edge_clearance]: Board edge clearance violation (board setup constraints edge clearance 0.5000 mm; actual 0.3500 mm)
    Rule: board setup constraints edge; error
    @(123.2000 mm, 164.7972 mm): Segment of LED_10 on Edge.Cuts
    @(124.2250 mm, 166.2500 mm): Pad 4 [VCC] of LED_10 on B.Cu
[copper_edge_clearance]: Board edge clearance violation (board setup constraints edge clearance 0.5000 mm; actual 0.3500 mm)
    Rule: board setup constraints edge; error
    @(81.8000 mm, 109.2028 mm): Segment of LED_17 on Edge.Cuts
    @(80.7750 mm, 107.7500 mm): Pad 1 [Net-(LED_17-DOUT)] of LED_17 on B.Cu
[copper_edge_clearance]: Board edge clearance violation (board setup constraints edge clearance 0.5000 mm; actual 0.3500 mm)
    Rule: board setup constraints edge; error
    @(81.8000 mm, 109.2028 mm): Segment of LED_17 on Edge.Cuts
    @(80.7750 mm, 109.2500 mm): Pad 2 [GND] of LED_17 on B.Cu
[copper_edge_clearance]: Board edge clearance violation (board setup constraints edge clearance 0.5000 mm; actual 0.3320 mm)
    Rule: board setup constraints edge; error
    @(85.7000 mm, 107.7972 mm): Arc of LED_17 on Edge.Cuts
    @(86.2250 mm, 107.7500 mm): Pad 3 [Net-(LED_12-DOUT)] of LED_17 on B.Cu
[copper_edge_clearance]: Board edge clearance violation (board setup constraints edge clearance 0.5000 mm; actual 0.3397 mm)
    Rule: board setup constraints edge; error
    @(85.7000 mm, 109.2028 mm): Arc of LED_17 on Edge.Cuts
    @(86.2250 mm, 109.2500 mm): Pad 4 [VCC] of LED_17 on B.Cu
[copper_edge_clearance]: Board edge clearance violation (board setup constraints edge clearance 0.5000 mm; actual 0.3500 mm)
    Rule: board setup constraints edge; error
    @(81.8000 mm, 166.2028 mm): Segment of LED_20 on Edge.Cuts
    @(80.7750 mm, 164.7500 mm): Pad 1 [Net-(LED_20-DOUT)] of LED_20 on B.Cu
[copper_edge_clearance]: Board edge clearance violation (board setup constraints edge clearance 0.5000 mm; actual 0.2530 mm)
    Rule: board setup constraints edge; error
    @(82.2010 mm, 166.6366 mm): Arc of LED_20 on Edge.Cuts
    @(80.7750 mm, 166.2500 mm): Pad 2 [GND] of LED_20 on B.Cu
[copper_edge_clearance]: Board edge clearance violation (board setup constraints edge clearance 0.5000 mm; actual 0.3500 mm)
    Rule: board setup constraints edge; error
    @(85.2000 mm, 164.7972 mm): Segment of LED_20 on Edge.Cuts
    @(86.2250 mm, 164.7500 mm): Pad 3 [Net-(LED_15-DOUT)] of LED_20 on B.Cu
[copper_edge_clearance]: Board edge clearance violation (board setup constraints edge clearance 0.5000 mm; actual 0.3500 mm)
    Rule: board setup constraints edge; error
    @(85.2000 mm, 164.7972 mm): Segment of LED_20 on Edge.Cuts
    @(86.2250 mm, 166.2500 mm): Pad 4 [VCC] of LED_20 on B.Cu
[copper_edge_clearance]: Board edge clearance violation (board setup constraints edge clearance 0.5000 mm; actual 0.2531 mm)
    Rule: board setup constraints edge; error
    @(101.2010 mm, 88.3634 mm): Arc of LED_11 on Edge.Cuts
    @(99.7750 mm, 88.7500 mm): Pad 1 [Net-(LED_11-DOUT)] of LED_11 on B.Cu
[copper_edge_clearance]: Board edge clearance violation (board setup constraints edge clearance 0.5000 mm; actual 0.3500 mm)
    Rule: board setup constraints edge; error
    @(100.8000 mm, 90.2028 mm): Segment of LED_11 on Edge.Cuts
    @(99.7750 mm, 90.2500 mm): Pad 2 [GND] of LED_11 on B.Cu
[copper_edge_clearance]: Board edge clearance violation (board setup constraints edge clearance 0.5000 mm; actual 0.3500 mm)
    Rule: board setup constraints edge; error
    @(104.2000 mm, 88.7972 mm): Segment of LED_11 on Edge.Cuts
    @(105.2250 mm, 88.7500 mm): Pad 3 [Net-(LED_11-DIN)] of LED_11 on B.Cu
[copper_edge_clearance]: Board edge clearance violation (board setup constraints edge clearance 0.5000 mm; actual 0.3500 mm)
    Rule: board setup constraints edge; error
    @(104.2000 mm, 88.7972 mm): Segment of LED_11 on Edge.Cuts
    @(105.2250 mm, 90.2500 mm): Pad 4 [VCC] of LED_11 on B.Cu
[copper_edge_clearance]: Board edge clearance violation (board setup constraints edge clearance 0.5000 mm; actual 0.3500 mm)
    Rule: board setup constraints edge; error
    @(138.8000 mm, 147.2028 mm): Segment of LED_4 on Edge.Cuts
    @(137.7750 mm, 145.7500 mm): Pad 1 [Net-(LED_4-DOUT)] of LED_4 on B.Cu
[copper_edge_clearance]: Board edge clearance violation (board setup constraints edge clearance 0.5000 mm; actual 0.3500 mm)
    Rule: board setup constraints edge; error
    @(138.8000 mm, 147.2028 mm): Segment of LED_4 on Edge.Cuts
    @(137.7750 mm, 147.2500 mm): Pad 2 [GND] of LED_4 on B.Cu
[copper_edge_clearance]: Board edge clearance violation (board setup constraints edge clearance 0.5000 mm; actual 0.3320 mm)
    Rule: board setup constraints edge; error
    @(142.7000 mm, 145.7972 mm): Arc of LED_4 on Edge.Cuts
    @(143.2250 mm, 145.7500 mm): Pad 3 [Net-(LED_1-DIN)] of LED_4 on B.Cu
[copper_edge_clearance]: Board edge clearance violation (board setup constraints edge clearance 0.5000 mm; actual 0.3397 mm)
    Rule: board setup constraints edge; error
    @(142.7000 mm, 147.2028 mm): Arc of LED_4 on Edge.Cuts
    @(143.2250 mm, 147.2500 mm): Pad 4 [VCC] of LED_4 on B.Cu
[copper_edge_clearance]: Board edge clearance violation (board setup constraints edge clearance 0.5000 mm; actual 0.3500 mm)
    Rule: board setup constraints edge; error
    @(138.8000 mm, 128.2028 mm): Segment of LED_3 on Edge.Cuts
    @(137.7750 mm, 126.7500 mm): Pad 1 [Net-(LED_3-DOUT)] of LED_3 on B.Cu
[copper_edge_clearance]: Board edge clearance violation (board setup constraints edge clearance 0.5000 mm; actual 0.3500 mm)
    Rule: board setup constraints edge; error
    @(138.8000 mm, 128.2028 mm): Segment of LED_3 on Edge.Cuts
    @(137.7750 mm, 128.2500 mm): Pad 2 [GND] of LED_3 on B.Cu
[copper_edge_clearance]: Board edge clearance violation (board setup constraints edge clearance 0.5000 mm; actual 0.3500 mm)
    Rule: board setup constraints edge; error
    @(142.2000 mm, 126.7972 mm): Segment of LED_3 on Edge.Cuts
    @(143.2250 mm, 126.7500 mm): Pad 3 [Net-(LED_1-DIN)] of LED_3 on B.Cu
[copper_edge_clearance]: Board edge clearance violation (board setup constraints edge clearance 0.5000 mm; actual 0.3500 mm)
    Rule: board setup constraints edge; error
    @(142.2000 mm, 126.7972 mm): Segment of LED_3 on Edge.Cuts
    @(143.2250 mm, 128.2500 mm): Pad 4 [VCC] of LED_3 on B.Cu
[copper_edge_clearance]: Board edge clearance violation (board setup constraints edge clearance 0.5000 mm; actual 0.2531 mm)
    Rule: board setup constraints edge; error
    @(139.2010 mm, 164.3634 mm): Arc of LED_5 on Edge.Cuts
    @(137.7750 mm, 164.7500 mm): Pad 1 [Net-(LED_10-DIN)] of LED_5 on B.Cu
[copper_edge_clearance]: Board edge clearance violation (board setup constraints edge clearance 0.5000 mm; actual 0.3500 mm)
    Rule: board setup constraints edge; error
    @(138.8000 mm, 166.2028 mm): Segment of LED_5 on Edge.Cuts
    @(137.7750 mm, 166.2500 mm): Pad 2 [GND] of LED_5 on B.Cu
[copper_edge_clearance]: Board edge clearance violation (board setup constraints edge clearance 0.5000 mm; actual 0.2530 mm)
    Rule: board setup constraints edge; error
    @(141.7990 mm, 164.3634 mm): Arc of LED_5 on Edge.Cuts
    @(143.2250 mm, 164.7500 mm): Pad 3 [Net-(LED_1-DIN)] of LED_5 on B.Cu
[copper_edge_clearance]: Board edge clearance violation (board setup constraints edge clearance 0.5000 mm; actual 0.3500 mm)
    Rule: board setup constraints edge; error
    @(142.2000 mm, 164.7972 mm): Segment of LED_5 on Edge.Cuts
    @(143.2250 mm, 166.2500 mm): Pad 4 [VCC] of LED_5 on B.Cu
[copper_edge_clearance]: Board edge clearance violation (board setup constraints edge clearance 0.5000 mm; actual 0.3500 mm)
    Rule: board setup constraints edge; error
    @(119.8000 mm, 147.2028 mm): Segment of LED_9 on Edge.Cuts
    @(118.7750 mm, 145.7500 mm): Pad 1 [Net-(LED_14-DIN)] of LED_9 on B.Cu
[copper_edge_clearance]: Board edge clearance violation (board setup constraints edge clearance 0.5000 mm; actual 0.3500 mm)
    Rule: board setup constraints edge; error
    @(119.8000 mm, 147.2028 mm): Segment of LED_9 on Edge.Cuts
    @(118.7750 mm, 147.2500 mm): Pad 2 [GND] of LED_9 on B.Cu
[copper_edge_clearance]: Board edge clearance violation (board setup constraints edge clearance 0.5000 mm; actual 0.3500 mm)
    Rule: board setup constraints edge; error
    @(123.2000 mm, 145.7972 mm): Segment of LED_9 on Edge.Cuts
    @(124.2250 mm, 145.7500 mm): Pad 3 [Net-(LED_4-DOUT)] of LED_9 on B.Cu
[copper_edge_clearance]: Board edge clearance violation (board setup constraints edge clearance 0.5000 mm; actual 0.3500 mm)
    Rule: board setup constraints edge; error
    @(123.2000 mm, 145.7972 mm): Segment of LED_9 on Edge.Cuts
    @(124.2250 mm, 147.2500 mm): Pad 4 [VCC] of LED_9 on B.Cu
[copper_edge_clearance]: Board edge clearance violation (board setup constraints edge clearance 0.5000 mm; actual 0.3500 mm)
    Rule: board setup constraints edge; error
    @(138.8000 mm, 109.2028 mm): Segment of LED_2 on Edge.Cuts
    @(137.7750 mm, 107.7500 mm): Pad 1 [Net-(LED_2-DOUT)] of LED_2 on B.Cu
[copper_edge_clearance]: Board edge clearance violation (board setup constraints edge clearance 0.5000 mm; actual 0.3500 mm)
    Rule: board setup constraints edge; error
    @(138.8000 mm, 109.2028 mm): Segment of LED_2 on Edge.Cuts
    @(137.7750 mm, 109.2500 mm): Pad 2 [GND] of LED_2 on B.Cu
[copper_edge_clearance]: Board edge clearance violation (board setup constraints edge clearance 0.5000 mm; actual 0.3500 mm)
    Rule: board setup constraints edge; error
    @(142.2000 mm, 107.7972 mm): Segment of LED_2 on Edge.Cuts
    @(143.2250 mm, 107.7500 mm): Pad 3 [Net-(LED_1-DIN)] of LED_2 on B.Cu
[copper_edge_clearance]: Board edge clearance violation (board setup constraints edge clearance 0.5000 mm; actual 0.3500 mm)
    Rule: board setup constraints edge; error
    @(142.2000 mm, 107.7972 mm): Segment of LED_2 on Edge.Cuts
    @(143.2250 mm, 109.2500 mm): Pad 4 [VCC] of LED_2 on B.Cu
[copper_edge_clearance]: Board edge clearance violation (board setup constraints edge clearance 0.5000 mm; actual 0.2531 mm)
    Rule: board setup constraints edge; error
    @(139.2010 mm, 88.3634 mm): Arc of LED_1 on Edge.Cuts
    @(137.7750 mm, 88.7500 mm): Pad 1 [Net-(LED_1-DOUT)] of LED_1 on B.Cu
[copper_edge_clearance]: Board edge clearance violation (board setup constraints edge clearance 0.5000 mm; actual 0.3500 mm)
    Rule: board setup constraints edge; error
    @(138.8000 mm, 90.2028 mm): Segment of LED_1 on Edge.Cuts
    @(137.7750 mm, 90.2500 mm): Pad 2 [GND] of LED_1 on B.Cu
[copper_edge_clearance]: Board edge clearance violation (board setup constraints edge clearance 0.5000 mm; actual 0.2530 mm)
    Rule: board setup constraints edge; error
    @(141.7990 mm, 88.3634 mm): Arc of LED_1 on Edge.Cuts
    @(143.2250 mm, 88.7500 mm): Pad 3 [Net-(LED_1-DIN)] of LED_1 on B.Cu
[copper_edge_clearance]: Board edge clearance violation (board setup constraints edge clearance 0.5000 mm; actual 0.3500 mm)
    Rule: board setup constraints edge; error
    @(142.2000 mm, 88.7972 mm): Segment of LED_1 on Edge.Cuts
    @(143.2250 mm, 90.2500 mm): Pad 4 [VCC] of LED_1 on B.Cu
[silk_edge_clearance]: Silkscreen clipped by board edge
    Rule: board setup constraints silk; warning
    @(63.7055 mm, 145.0000 mm): Segment of LED_24 on Edge.Cuts
    @(64.5000 mm, 170.0000 mm): Segment on F.Silkscreen
[silk_edge_clearance]: Silkscreen clipped by board edge
    Rule: board setup constraints silk; warning
    @(84.2945 mm, 148.0000 mm): Segment of LED_19 on Edge.Cuts
    @(83.5000 mm, 75.0000 mm): Segment on F.Silkscreen
[silk_edge_clearance]: Silkscreen clipped by board edge
    Rule: board setup constraints silk; warning
    @(141.2945 mm, 110.0000 mm): Segment of LED_2 on Edge.Cuts
    @(140.5000 mm, 170.0000 mm): Segment on F.Silkscreen
[silk_edge_clearance]: Silkscreen clipped by board edge
    Rule: board setup constraints silk; warning
    @(120.7055 mm, 126.0000 mm): Segment of LED_8 on Edge.Cuts
    @(121.5000 mm, 170.0000 mm): Segment on F.Silkscreen
[silk_edge_clearance]: Silkscreen clipped by board edge
    Rule: board setup constraints silk; warning
    @(101.7055 mm, 145.0000 mm): Segment of LED_14 on Edge.Cuts
    @(102.5000 mm, 170.0000 mm): Segment on F.Silkscreen
[silk_over_copper]: Silkscreen clipped by solder mask
    Local override; warning
    @(64.5000 mm, 170.0000 mm): Segment on F.Silkscreen
[silk_over_copper]: Silkscreen clipped by solder mask
    Local override; warning
    @(83.5000 mm, 75.0000 mm): Segment on F.Silkscreen
[silk_over_copper]: Silkscreen clipped by solder mask
    Local override; warning
    @(140.5000 mm, 170.0000 mm): Segment on F.Silkscreen
[silk_over_copper]: Silkscreen clipped by solder mask
    Local override; warning
    @(121.5000 mm, 170.0000 mm): Segment on F.Silkscreen
[silk_over_copper]: Silkscreen clipped by solder mask
    Local override; warning
    @(102.5000 mm, 170.0000 mm): Segment on F.Silkscreen
[silk_over_copper]: Silkscreen clipped by solder mask
    Local override; warning
    @(149.5000 mm, 51.7500 mm): Segment of J1 on F.Silkscreen
[silk_over_copper]: Silkscreen clipped by solder mask
    Local override; warning
    @(50.4500 mm, 68.0000 mm): Segment of SW26_SPDT1 on B.Silkscreen
[silk_over_copper]: Silkscreen clipped by solder mask
    Local override; warning
    @(53.3000 mm, 68.0000 mm): Segment of SW26_SPDT1 on B.Silkscreen
[silk_over_copper]: Silkscreen clipped by solder mask
    Local override; warning
    @(50.4500 mm, 64.7000 mm): Segment of SW26_SPDT1 on B.Silkscreen
[silk_over_copper]: Silkscreen clipped by solder mask
    Local override; warning
    @(50.4500 mm, 64.7000 mm): Segment of SW26_SPDT1 on B.Silkscreen
[silk_over_copper]: Silkscreen clipped by solder mask
    Local override; warning
    @(53.3000 mm, 61.4000 mm): Segment of SW26_SPDT1 on B.Silkscreen
[silk_over_copper]: Silkscreen clipped by solder mask
    Local override; warning
    @(54.0300 mm, 72.1600 mm): PTH pad 1 [LED] of MCU1
[silk_over_copper]: Silkscreen clipped by solder mask
    Local override; warning
    @(54.0300 mm, 72.1600 mm): PTH pad 1 [LED] of MCU1
[silk_over_copper]: Silkscreen clipped by solder mask
    Local override; warning
    @(56.5700 mm, 72.1600 mm): PTH pad 2 [nice!view_MOSI] of MCU1
[silk_over_copper]: Silkscreen clipped by solder mask
    Local override; warning
    @(56.5700 mm, 72.1600 mm): PTH pad 2 [nice!view_MOSI] of MCU1
[silk_over_copper]: Silkscreen clipped by solder mask
    Local override; warning
    @(59.1100 mm, 72.1600 mm): PTH pad 3 [GND] of MCU1
[silk_over_copper]: Silkscreen clipped by solder mask
    Local override; warning
    @(59.1100 mm, 72.1600 mm): PTH pad 3 [GND] of MCU1
[silk_over_copper]: Silkscreen clipped by solder mask
    Local override; warning
    @(61.6500 mm, 72.1600 mm): PTH pad 4 [unconnected-(MCU1-GND-Pad4)] of MCU1
[silk_over_copper]: Silkscreen clipped by solder mask
    Local override; warning
    @(61.6500 mm, 72.1600 mm): PTH pad 4 [unconnected-(MCU1-GND-Pad4)] of MCU1
[silk_over_copper]: Silkscreen clipped by solder mask
    Local override; warning
    @(64.1900 mm, 72.1600 mm): PTH pad 5 [nice!view_SCK] of MCU1
[silk_over_copper]: Silkscreen clipped by solder mask
    Local override; warning
    @(64.1900 mm, 72.1600 mm): PTH pad 5 [nice!view_SCK] of MCU1
[silk_over_copper]: Silkscreen clipped by solder mask
    Local override; warning
    @(66.7300 mm, 72.1600 mm): PTH pad 6 [nice!view_CS] of MCU1
[silk_over_copper]: Silkscreen clipped by solder mask
    Local override; warning
    @(66.7300 mm, 72.1600 mm): PTH pad 6 [nice!view_CS] of MCU1
[silk_over_copper]: Silkscreen clipped by solder mask
    Local override; warning
    @(69.2700 mm, 72.1600 mm): PTH pad 7 [ROW 0] of MCU1
[silk_over_copper]: Silkscreen clipped by solder mask
    Local override; warning
    @(69.2700 mm, 72.1600 mm): PTH pad 7 [ROW 0] of MCU1
[silk_over_copper]: Silkscreen clipped by solder mask
    Local override; warning
    @(71.8100 mm, 72.1600 mm): PTH pad 8 [ROW 1] of MCU1
[silk_over_copper]: Silkscreen clipped by solder mask
    Local override; warning
    @(71.8100 mm, 72.1600 mm): PTH pad 8 [ROW 1] of MCU1
[silk_over_copper]: Silkscreen clipped by solder mask
    Local override; warning
    @(74.3500 mm, 72.1600 mm): PTH pad 9 [ROW 2] of MCU1
[silk_over_copper]: Silkscreen clipped by solder mask
    Local override; warning
    @(74.3500 mm, 72.1600 mm): PTH pad 9 [ROW 2] of MCU1
[silk_over_copper]: Silkscreen clipped by solder mask
    Local override; warning
    @(76.8900 mm, 72.1600 mm): PTH pad 10 [ROW 3] of MCU1
[silk_over_copper]: Silkscreen clipped by solder mask
    Local override; warning
    @(76.8900 mm, 72.1600 mm): PTH pad 10 [ROW 3] of MCU1
[silk_over_copper]: Silkscreen clipped by solder mask
    Local override; warning
    @(79.4300 mm, 72.1600 mm): PTH pad 11 [ROW 4] of MCU1
[silk_over_copper]: Silkscreen clipped by solder mask
    Local override; warning
    @(79.4300 mm, 72.1600 mm): PTH pad 11 [ROW 4] of MCU1
[silk_over_copper]: Silkscreen clipped by solder mask
    Local override; warning
    @(81.9700 mm, 72.1600 mm): PTH pad 12 [COL 0] of MCU1
[silk_over_copper]: Silkscreen clipped by solder mask
    Local override; warning
    @(81.9700 mm, 72.1600 mm): PTH pad 12 [COL 0] of MCU1
[silk_over_copper]: Silkscreen clipped by solder mask
    Local override; warning
    @(81.9700 mm, 56.9200 mm): PTH pad 13 [EC_03_RB] of MCU1
[silk_over_copper]: Silkscreen clipped by solder mask
    Local override; warning
    @(81.9700 mm, 56.9200 mm): PTH pad 13 [EC_03_RB] of MCU1
[silk_over_copper]: Silkscreen clipped by solder mask
    Local override; warning
    @(79.4300 mm, 56.9200 mm): PTH pad 14 [EC_02_RB] of MCU1
[silk_over_copper]: Silkscreen clipped by solder mask
    Local override; warning
    @(79.4300 mm, 56.9200 mm): PTH pad 14 [EC_02_RB] of MCU1
[silk_over_copper]: Silkscreen clipped by solder mask
    Local override; warning
    @(76.8900 mm, 56.9200 mm): PTH pad 15 [EC_01_RA] of MCU1
[silk_over_copper]: Silkscreen clipped by solder mask
    Local override; warning
    @(76.8900 mm, 56.9200 mm): PTH pad 15 [EC_01_RA] of MCU1
[silk_over_copper]: Silkscreen clipped by solder mask
    Local override; warning
    @(74.3500 mm, 56.9200 mm): PTH pad 16 [COL 5] of MCU1
[silk_over_copper]: Silkscreen clipped by solder mask
    Local override; warning
    @(74.3500 mm, 56.9200 mm): PTH pad 16 [COL 5] of MCU1
[silk_over_copper]: Silkscreen clipped by solder mask
    Local override; warning
    @(71.8100 mm, 56.9200 mm): PTH pad 17 [COL 4] of MCU1
[silk_over_copper]: Silkscreen clipped by solder mask
    Local override; warning
    @(71.8100 mm, 56.9200 mm): PTH pad 17 [COL 4] of MCU1
[silk_over_copper]: Silkscreen clipped by solder mask
    Local override; warning
    @(69.2700 mm, 56.9200 mm): PTH pad 18 [COL 3] of MCU1
[silk_over_copper]: Silkscreen clipped by solder mask
    Local override; warning
    @(69.2700 mm, 56.9200 mm): PTH pad 18 [COL 3] of MCU1
[silk_over_copper]: Silkscreen clipped by solder mask
    Local override; warning
    @(66.7300 mm, 56.9200 mm): PTH pad 19 [COL 2] of MCU1
[silk_over_copper]: Silkscreen clipped by solder mask
    Local override; warning
    @(66.7300 mm, 56.9200 mm): PTH pad 19 [COL 2] of MCU1
[silk_over_copper]: Silkscreen clipped by solder mask
    Local override; warning
    @(64.1900 mm, 56.9200 mm): PTH pad 20 [COL 1] of MCU1
[silk_over_copper]: Silkscreen clipped by solder mask
    Local override; warning
    @(64.1900 mm, 56.9200 mm): PTH pad 20 [COL 1] of MCU1
[silk_over_copper]: Silkscreen clipped by solder mask
    Local override; warning
    @(61.6500 mm, 56.9200 mm): PTH pad 21 [VCC] of MCU1
[silk_over_copper]: Silkscreen clipped by solder mask
    Local override; warning
    @(61.6500 mm, 56.9200 mm): PTH pad 21 [VCC] of MCU1
[silk_over_copper]: Silkscreen clipped by solder mask
    Local override; warning
    @(59.1100 mm, 56.9200 mm): PTH pad 22 [MCU-RST] of MCU1
[silk_over_copper]: Silkscreen clipped by solder mask
    Local override; warning
    @(59.1100 mm, 56.9200 mm): PTH pad 22 [MCU-RST] of MCU1
[silk_over_copper]: Silkscreen clipped by solder mask
    Local override; warning
    @(56.5700 mm, 56.9200 mm): PTH pad 23 [unconnected-(MCU1-GND-Pad23)] of MCU1
[silk_over_copper]: Silkscreen clipped by solder mask
    Local override; warning
    @(56.5700 mm, 56.9200 mm): PTH pad 23 [unconnected-(MCU1-GND-Pad23)] of MCU1
[silk_over_copper]: Silkscreen clipped by solder mask
    Local override; warning
    @(54.0300 mm, 56.9200 mm): PTH pad 24 [BATIN] of MCU1
[silk_over_copper]: Silkscreen clipped by solder mask
    Local override; warning
    @(54.0300 mm, 56.9200 mm): PTH pad 24 [BATIN] of MCU1
[silk_over_copper]: Silkscreen clipped by solder mask
    Local override; warning
    @(76.8900 mm, 69.6200 mm): PTH pad 31 [EC_03_RA] of MCU1
[silk_over_copper]: Silkscreen clipped by solder mask
    Local override; warning
    @(76.8900 mm, 69.6200 mm): PTH pad 31 [EC_03_RA] of MCU1
[silk_over_copper]: Silkscreen clipped by solder mask
    Local override; warning
    @(76.8900 mm, 67.0800 mm): PTH pad 32 [EC_01_RB] of MCU1
[silk_over_copper]: Silkscreen clipped by solder mask
    Local override; warning
    @(76.8900 mm, 67.0800 mm): PTH pad 32 [EC_01_RB] of MCU1
[silk_over_copper]: Silkscreen clipped by solder mask
    Local override; warning
    @(76.8900 mm, 64.5400 mm): PTH pad 33 [EC_02_RA] of MCU1
[silk_over_copper]: Silkscreen clipped by solder mask
    Local override; warning
    @(76.8900 mm, 64.5400 mm): PTH pad 33 [EC_02_RA] of MCU1
[silk_over_copper]: Silkscreen clipped by solder mask
    Local override; warning
    @(50.2200 mm, 55.6500 mm): Segment of MCU1 on B.Silkscreen
[silk_overlap]: Silkscreen overlap
    Rule: board setup constraints silk; warning
    @(83.2300 mm, 70.8900 mm): Rectangle of Display1 on F.Silkscreen
    @(83.2400 mm, 73.4300 mm): Segment of MCU1 on F.Silkscreen
[silk_overlap]: Silkscreen overlap
    Rule: board setup constraints silk; warning
    @(76.8900 mm, 59.0028 mm): Footprint text of MCU1 (111)
    @(79.5000 mm, 58.5400 mm): Value field of Display1 (nice!view)
[silk_overlap]: Silkscreen overlap
    Rule: board setup constraints silk; warning
    @(79.4300 mm, 59.0028 mm): Footprint text of MCU1 (010)
    @(79.5000 mm, 58.5400 mm): Value field of Display1 (nice!view)
[silk_overlap]: Silkscreen overlap
    Rule: board setup constraints silk; warning
    @(140.5000 mm, 64.0000 mm): Segment of EC_SW3 on F.Silkscreen
    @(140.5000 mm, 170.0000 mm): Segment on F.Silkscreen
[silk_overlap]: Silkscreen overlap
    Rule: board setup constraints silk; warning
    @(140.0000 mm, 63.5000 mm): Segment of EC_SW3 on F.Silkscreen
    @(140.5000 mm, 170.0000 mm): Segment on F.Silkscreen
[silk_overlap]: Silkscreen overlap
    Rule: board setup constraints silk; warning
    @(134.6000 mm, 69.6000 mm): Segment of EC_SW3 on F.Silkscreen
    @(140.5000 mm, 170.0000 mm): Segment on F.Silkscreen
[silk_overlap]: Silkscreen overlap
    Rule: board setup constraints silk; warning
    @(140.5000 mm, 63.5000 mm): Circle of EC_SW3 on F.Silkscreen
    @(140.5000 mm, 170.0000 mm): Segment on F.Silkscreen
[silk_overlap]: Silkscreen overlap
    Rule: board setup constraints silk; warning
    @(121.0000 mm, 63.5000 mm): Segment of EC_SW2 on F.Silkscreen
    @(121.5000 mm, 170.0000 mm): Segment on F.Silkscreen
[silk_overlap]: Silkscreen overlap
    Rule: board setup constraints silk; warning
    @(121.5000 mm, 63.5000 mm): Circle of EC_SW2 on F.Silkscreen
    @(121.5000 mm, 170.0000 mm): Segment on F.Silkscreen
[silk_overlap]: Silkscreen overlap
    Rule: board setup constraints silk; warning
    @(121.5000 mm, 170.0000 mm): Segment on F.Silkscreen
    @(121.5000 mm, 64.0000 mm): Segment of EC_SW2 on F.Silkscreen
[silk_overlap]: Silkscreen overlap
    Rule: board setup constraints silk; warning
    @(81.4620 mm, 64.2860 mm): Footprint text of MCU1 (nice!nano)
    @(79.5000 mm, 58.5400 mm): Value field of Display1 (nice!view)
[silk_overlap]: Silkscreen overlap
    Rule: board setup constraints silk; warning
    @(96.6000 mm, 69.6000 mm): Segment of EC_SW1 on F.Silkscreen
    @(102.5000 mm, 170.0000 mm): Segment on F.Silkscreen
[silk_overlap]: Silkscreen overlap
    Rule: board setup constraints silk; warning
    @(102.5000 mm, 64.0000 mm): Segment of EC_SW1 on F.Silkscreen
    @(102.5000 mm, 170.0000 mm): Segment on F.Silkscreen
[silk_overlap]: Silkscreen overlap
    Rule: board setup constraints silk; warning
    @(102.0000 mm, 63.5000 mm): Segment of EC_SW1 on F.Silkscreen
    @(102.5000 mm, 170.0000 mm): Segment on F.Silkscreen
[silk_overlap]: Silkscreen overlap
    Rule: board setup constraints silk; warning
    @(115.6000 mm, 69.6000 mm): Segment of EC_SW2 on F.Silkscreen
    @(121.5000 mm, 170.0000 mm): Segment on F.Silkscreen
[silk_overlap]: Silkscreen overlap
    Rule: board setup constraints silk; warning
    @(102.5000 mm, 63.5000 mm): Circle of EC_SW1 on F.Silkscreen
    @(102.5000 mm, 170.0000 mm): Segment on F.Silkscreen
[silk_overlap]: Silkscreen overlap
    Rule: board setup constraints silk; warning
    @(50.4500 mm, 68.0000 mm): Segment of SW26_SPDT1 on B.Silkscreen
    @(50.2200 mm, 55.6500 mm): Segment of MCU1 on B.Silkscreen
[silk_overlap]: Silkscreen overlap
    Rule: board setup constraints silk; warning
    @(50.2200 mm, 55.6500 mm): Segment of MCU1 on B.Silkscreen
    @(50.4500 mm, 64.7000 mm): Segment of SW26_SPDT1 on B.Silkscreen
[silk_overlap]: Silkscreen overlap
    Rule: board setup constraints silk; warning
    @(50.4500 mm, 64.7000 mm): Segment of SW26_SPDT1 on B.Silkscreen
    @(50.2200 mm, 55.6500 mm): Segment of MCU1 on B.Silkscreen
[silk_overlap]: Silkscreen overlap
    Rule: board setup constraints silk; warning
    @(50.4500 mm, 62.7500 mm): Segment of SW26_SPDT1 on B.Silkscreen
    @(50.2200 mm, 55.6500 mm): Segment of MCU1 on B.Silkscreen
[silk_overlap]: Silkscreen overlap
    Rule: board setup constraints silk; warning
    @(53.3000 mm, 61.4000 mm): Segment of SW26_SPDT1 on B.Silkscreen
    @(50.2200 mm, 55.6500 mm): Segment of MCU1 on B.Silkscreen

** Found 0 unconnected pads **

** Found 0 Footprint errors **

** End of Report **
