** Drc report for ModuPad_v2.kicad_pcb **
** Created on 2026-03-10T14:13:35+0500 **

** Found 30 DRC violations **
[courtyards_overlap]: Courtyards overlap
    Rule: board setup constraints courtyard; error
    @(150.4100 mm, 56.0896 mm): Footprint H2
    @(135.7900 mm, 60.7400 mm): Footprint EC_SW1
[copper_edge_clearance]: Board edge clearance violation (board setup constraints edge clearance 0.3000 mm; actual 0.2600 mm)
    Rule: board setup constraints edge; error
    @(65.3800 mm, 126.9000 mm): Segment of LED_23 on Edge.Cuts
    @(64.4200 mm, 126.1500 mm): Pad 3 [Net-(LED_18-DOUT)] of LED_23 on B.Cu
[copper_edge_clearance]: Board edge clearance violation (board setup constraints edge clearance 0.3000 mm; actual 0.2600 mm)
    Rule: board setup constraints edge; error
    @(141.5800 mm, 126.9000 mm): Segment of LED_3 on Edge.Cuts
    @(140.6200 mm, 126.1500 mm): Pad 3 [Net-(LED_1-DIN)] of LED_3 on B.Cu
[copper_edge_clearance]: Board edge clearance violation (board setup constraints edge clearance 0.3000 mm; actual 0.2600 mm)
    Rule: board setup constraints edge; error
    @(84.4300 mm, 165.0000 mm): Segment of LED_20 on Edge.Cuts
    @(83.4700 mm, 164.2500 mm): Pad 3 [Net-(LED_15-DOUT)] of LED_20 on B.Cu
[copper_edge_clearance]: Board edge clearance violation (board setup constraints edge clearance 0.3000 mm; actual 0.2600 mm)
    Rule: board setup constraints edge; error
    @(141.5800 mm, 165.0000 mm): Segment of LED_5 on Edge.Cuts
    @(140.6200 mm, 164.2500 mm): Pad 3 [Net-(LED_1-DIN)] of LED_5 on B.Cu
[copper_edge_clearance]: Board edge clearance violation (board setup constraints edge clearance 0.3000 mm; actual 0.2600 mm)
    Rule: board setup constraints edge; error
    @(65.3800 mm, 88.8000 mm): Segment of LED_21 on Edge.Cuts
    @(64.4200 mm, 88.0500 mm): Pad 3 [Net-(LED_16-DOUT)] of LED_21 on B.Cu
[copper_edge_clearance]: Board edge clearance violation (board setup constraints edge clearance 0.3000 mm; actual 0.2600 mm)
    Rule: board setup constraints edge; error
    @(65.3800 mm, 165.0000 mm): Segment of LED_25 on Edge.Cuts
    @(64.4200 mm, 164.2500 mm): Pad 3 [Net-(LED_20-DOUT)] of LED_25 on B.Cu
[copper_edge_clearance]: Board edge clearance violation (board setup constraints edge clearance 0.3000 mm; actual 0.2600 mm)
    Rule: board setup constraints edge; error
    @(141.5800 mm, 145.9500 mm): Segment of LED_4 on Edge.Cuts
    @(140.6200 mm, 145.2000 mm): Pad 3 [Net-(LED_1-DIN)] of LED_4 on B.Cu
[copper_edge_clearance]: Board edge clearance violation (board setup constraints edge clearance 0.3000 mm; actual 0.2600 mm)
    Rule: board setup constraints edge; error
    @(103.4800 mm, 88.8000 mm): Segment of LED_11 on Edge.Cuts
    @(102.5200 mm, 88.0500 mm): Pad 3 [Net-(LED_11-DIN)] of LED_11 on B.Cu
[copper_edge_clearance]: Board edge clearance violation (board setup constraints edge clearance 0.3000 mm; actual 0.2600 mm)
    Rule: board setup constraints edge; error
    @(122.5300 mm, 126.9000 mm): Segment of LED_8 on Edge.Cuts
    @(121.5700 mm, 126.1500 mm): Pad 3 [Net-(LED_3-DOUT)] of LED_8 on B.Cu
[copper_edge_clearance]: Board edge clearance violation (board setup constraints edge clearance 0.3000 mm; actual 0.2600 mm)
    Rule: board setup constraints edge; error
    @(103.4800 mm, 107.8500 mm): Segment of LED_12 on Edge.Cuts
    @(102.5200 mm, 107.1000 mm): Pad 3 [Net-(LED_12-DIN)] of LED_12 on B.Cu
[copper_edge_clearance]: Board edge clearance violation (board setup constraints edge clearance 0.3000 mm; actual 0.2600 mm)
    Rule: board setup constraints edge; error
    @(65.3800 mm, 107.8500 mm): Segment of LED_22 on Edge.Cuts
    @(64.4200 mm, 107.1000 mm): Pad 3 [Net-(LED_17-DOUT)] of LED_22 on B.Cu
[copper_edge_clearance]: Board edge clearance violation (board setup constraints edge clearance 0.3000 mm; actual 0.2600 mm)
    Rule: board setup constraints edge; error
    @(141.5800 mm, 107.8500 mm): Segment of LED_2 on Edge.Cuts
    @(140.6200 mm, 107.1000 mm): Pad 3 [Net-(LED_1-DIN)] of LED_2 on B.Cu
[copper_edge_clearance]: Board edge clearance violation (board setup constraints edge clearance 0.3000 mm; actual 0.2600 mm)
    Rule: board setup constraints edge; error
    @(122.5300 mm, 145.9500 mm): Segment of LED_9 on Edge.Cuts
    @(121.5700 mm, 145.2000 mm): Pad 3 [Net-(LED_4-DOUT)] of LED_9 on B.Cu
[copper_edge_clearance]: Board edge clearance violation (board setup constraints edge clearance 0.3000 mm; actual 0.2600 mm)
    Rule: board setup constraints edge; error
    @(103.4800 mm, 145.9500 mm): Segment of LED_14 on Edge.Cuts
    @(102.5200 mm, 145.2000 mm): Pad 3 [Net-(LED_14-DIN)] of LED_14 on B.Cu
[copper_edge_clearance]: Board edge clearance violation (board setup constraints edge clearance 0.3000 mm; actual 0.2600 mm)
    Rule: board setup constraints edge; error
    @(122.5300 mm, 88.8000 mm): Segment of LED_6 on Edge.Cuts
    @(121.5700 mm, 88.0500 mm): Pad 3 [Net-(LED_1-DOUT)] of LED_6 on B.Cu
[copper_edge_clearance]: Board edge clearance violation (board setup constraints edge clearance 0.3000 mm; actual 0.2600 mm)
    Rule: board setup constraints edge; error
    @(141.5800 mm, 88.8000 mm): Segment of LED_1 on Edge.Cuts
    @(140.6200 mm, 88.0500 mm): Pad 3 [Net-(LED_1-DIN)] of LED_1 on B.Cu
[copper_edge_clearance]: Board edge clearance violation (board setup constraints edge clearance 0.3000 mm; actual 0.2600 mm)
    Rule: board setup constraints edge; error
    @(103.4950 mm, 126.9150 mm): Segment of LED_13 on Edge.Cuts
    @(102.5350 mm, 126.1650 mm): Pad 3 [Net-(LED_13-DIN)] of LED_13 on B.Cu
[copper_edge_clearance]: Board edge clearance violation (board setup constraints edge clearance 0.3000 mm; actual 0.2600 mm)
    Rule: board setup constraints edge; error
    @(103.4800 mm, 165.0000 mm): Segment of LED_15 on Edge.Cuts
    @(102.5200 mm, 164.2500 mm): Pad 3 [Net-(LED_10-DOUT)] of LED_15 on B.Cu
[copper_edge_clearance]: Board edge clearance violation (board setup constraints edge clearance 0.3000 mm; actual 0.2600 mm)
    Rule: board setup constraints edge; error
    @(122.5300 mm, 107.8500 mm): Segment of LED_7 on Edge.Cuts
    @(121.5700 mm, 107.1000 mm): Pad 3 [Net-(LED_2-DOUT)] of LED_7 on B.Cu
[copper_edge_clearance]: Board edge clearance violation (board setup constraints edge clearance 0.3000 mm; actual 0.2600 mm)
    Rule: board setup constraints edge; error
    @(84.4300 mm, 88.8000 mm): Segment of LED_16 on Edge.Cuts
    @(83.4700 mm, 88.0500 mm): Pad 3 [Net-(LED_11-DOUT)] of LED_16 on B.Cu
[copper_edge_clearance]: Board edge clearance violation (board setup constraints edge clearance 0.3000 mm; actual 0.2600 mm)
    Rule: board setup constraints edge; error
    @(84.4300 mm, 126.9000 mm): Segment of LED_18 on Edge.Cuts
    @(83.4700 mm, 126.1500 mm): Pad 3 [Net-(LED_13-DOUT)] of LED_18 on B.Cu
[copper_edge_clearance]: Board edge clearance violation (board setup constraints edge clearance 0.3000 mm; actual 0.2600 mm)
    Rule: board setup constraints edge; error
    @(84.4300 mm, 145.9500 mm): Segment of LED_19 on Edge.Cuts
    @(83.4700 mm, 145.2000 mm): Pad 3 [Net-(LED_14-DOUT)] of LED_19 on B.Cu
[copper_edge_clearance]: Board edge clearance violation (board setup constraints edge clearance 0.3000 mm; actual 0.2600 mm)
    Rule: board setup constraints edge; error
    @(122.5300 mm, 165.0000 mm): Segment of LED_10 on Edge.Cuts
    @(121.5700 mm, 164.2500 mm): Pad 3 [Net-(LED_10-DIN)] of LED_10 on B.Cu
[copper_edge_clearance]: Board edge clearance violation (board setup constraints edge clearance 0.3000 mm; actual 0.0000 mm)
    Rule: board setup constraints edge; error
    @(57.5500 mm, 53.7200 mm): Rectangle on Edge.Cuts
    @(95.1400 mm, 53.9300 mm): Pad [<no net>] of LED-OLED-Power-Switch_SPDT2 on B.Cu
[copper_edge_clearance]: Board edge clearance violation (board setup constraints edge clearance 0.3000 mm; actual 0.0000 mm)
    Rule: board setup constraints edge; error
    @(57.5500 mm, 53.7200 mm): Rectangle on Edge.Cuts
    @(102.5400 mm, 53.9300 mm): Pad [<no net>] of LED-OLED-Power-Switch_SPDT2 on B.Cu
[copper_edge_clearance]: Board edge clearance violation (board setup constraints edge clearance 0.3000 mm; actual 0.2600 mm)
    Rule: board setup constraints edge; error
    @(65.3800 mm, 145.9500 mm): Segment of LED_24 on Edge.Cuts
    @(64.4200 mm, 145.2000 mm): Pad 3 [Net-(LED_19-DOUT)] of LED_24 on B.Cu
[copper_edge_clearance]: Board edge clearance violation (board setup constraints edge clearance 0.3000 mm; actual 0.2600 mm)
    Rule: board setup constraints edge; error
    @(84.4300 mm, 107.8500 mm): Segment of LED_17 on Edge.Cuts
    @(83.4700 mm, 107.1000 mm): Pad 3 [Net-(LED_12-DOUT)] of LED_17 on B.Cu
[copper_edge_clearance]: Board edge clearance violation (board setup constraints edge clearance 0.3000 mm; actual 0.2700 mm)
    Rule: board setup constraints edge; error
    @(57.5500 mm, 53.7200 mm): Rectangle on Edge.Cuts
    @(58.2700 mm, 59.0700 mm): Pad [<no net>] of BAT-Power-Switch_SPDT1 on F.Cu
[copper_edge_clearance]: Board edge clearance violation (board setup constraints edge clearance 0.3000 mm; actual 0.2700 mm)
    Rule: board setup constraints edge; error
    @(57.5500 mm, 53.7200 mm): Rectangle on Edge.Cuts
    @(58.2700 mm, 66.4700 mm): Pad [<no net>] of BAT-Power-Switch_SPDT1 on F.Cu

** Found 0 unconnected pads **

** Found 0 Footprint errors **

** End of Report **
