** Drc report for ModuPad_v2.kicad_pcb **
** Created on 2026-03-10T14:44:58+0500 **

** Found 5 DRC violations **
[clearance]: Clearance violation (netclass 'Default' clearance 0.2000 mm; actual 0.1900 mm)
    Rule: netclass 'Default'; error
    @(121.5241 mm, 87.1400 mm): Via [GND] on F.Cu - B.Cu
    @(121.5200 mm, 88.0400 mm): Pad 3 [Net-(LED_1-DOUT)] of LED_6 on B.Cu
[courtyards_overlap]: Courtyards overlap
    Rule: board setup constraints courtyard; error
    @(150.4100 mm, 56.0896 mm): Footprint H2
    @(135.7900 mm, 60.7400 mm): Footprint EC_SW1
[copper_edge_clearance]: Board edge clearance violation (board setup constraints edge clearance 0.3000 mm; actual 0.0600 mm)
    Rule: board setup constraints edge; error
    @(57.5500 mm, 53.7200 mm): Rectangle on Edge.Cuts
    @(102.5400 mm, 54.2300 mm): Pad [<no net>] of LED-OLED-Power-Switch_SPDT2 on B.Cu
[copper_edge_clearance]: Board edge clearance violation (board setup constraints edge clearance 0.3000 mm; actual 0.2700 mm)
    Rule: board setup constraints edge; error
    @(57.5500 mm, 53.7200 mm): Rectangle on Edge.Cuts
    @(58.2700 mm, 59.0700 mm): Pad [<no net>] of BAT-Power-Switch_SPDT1 on F.Cu
[copper_edge_clearance]: Board edge clearance violation (board setup constraints edge clearance 0.3000 mm; actual 0.2700 mm)
    Rule: board setup constraints edge; error
    @(57.5500 mm, 53.7200 mm): Rectangle on Edge.Cuts
    @(58.2700 mm, 66.4700 mm): Pad [<no net>] of BAT-Power-Switch_SPDT1 on F.Cu

** Found 0 unconnected pads **

** Found 0 Footprint errors **

** End of Report **
