** Drc report for ModuPad_v2.kicad_pcb **
** Created on 2026-03-10T12:42:34+0500 **

** Found 129 DRC violations **
[clearance]: Clearance violation (netclass 'Default' clearance 0.2000 mm; actual 0.0000 mm)
    Rule: netclass 'Default'; error
    @(59.3700 mm, 61.2700 mm): NPTH pad of BAT-Power-Switch_SPDT1
    @(59.7950 mm, 60.1550 mm): Pad 1 [GND] of SW27_RST1 on B.Cu
[clearance]: Clearance violation (netclass 'Default' clearance 0.2000 mm; actual 0.0000 mm)
    Rule: netclass 'Default'; error
    @(59.3700 mm, 64.2700 mm): NPTH pad of BAT-Power-Switch_SPDT1
    @(59.7950 mm, 65.4050 mm): Pad 1 [GND] of SW27_RST1 on B.Cu
[hole_clearance]: Hole clearance violation (board setup constraints hole clearance 0.2500 mm; actual 0.0000 mm)
    Rule: board setup constraints hole; error
    @(61.4450 mm, 63.5200 mm): Pad 2 [BATIN] of BAT-Power-Switch_SPDT1 on F.Cu
    @(62.0200 mm, 62.7800 mm): NPTH pad of SW27_RST1
[courtyards_overlap]: Courtyards overlap
    Rule: board setup constraints courtyard; error
    @(150.4100 mm, 56.0896 mm): Footprint H2
    @(135.7900 mm, 60.7400 mm): Footprint EC_SW1
[copper_edge_clearance]: Board edge clearance violation (board setup constraints edge clearance 0.5 mm; actual 0.499999 mm)
    Rule: board setup constraints edge; error
    @(103.4950 mm, 123.9150 mm): Segment of LED_13 on Edge.Cuts
    @(107.3100 mm, 123.2311 mm): Via [GND] on F.Cu - B.Cu
[copper_edge_clearance]: Board edge clearance violation (board setup constraints edge clearance 0.5000 mm; actual 0.4996 mm)
    Rule: board setup constraints edge; error
    @(141.5800 mm, 104.8500 mm): Segment of LED_2 on Edge.Cuts
    @(146.0000 mm, 105.0221 mm): Track [Net-(LED_2-DOUT)] on B.Cu, length 1.0933 mm
[copper_edge_clearance]: Board edge clearance violation (board setup constraints edge clearance 0.5000 mm; actual 0.4996 mm)
    Rule: board setup constraints edge; error
    @(144.9800 mm, 104.8500 mm): Segment of LED_2 on Edge.Cuts
    @(146.0000 mm, 105.0221 mm): Track [Net-(LED_2-DOUT)] on B.Cu, length 1.0933 mm
[copper_edge_clearance]: Board edge clearance violation (board setup constraints edge clearance 0.5000 mm; actual 0.3200 mm)
    Rule: board setup constraints edge; error
    @(68.7800 mm, 123.9000 mm): Segment of LED_23 on Edge.Cuts
    @(69.8000 mm, 124.6800 mm): Pad 1 [unconnected-(LED_23-DOUT-Pad1)] of LED_23 on B.Cu
[copper_edge_clearance]: Board edge clearance violation (board setup constraints edge clearance 0.5000 mm; actual 0.3000 mm)
    Rule: board setup constraints edge; error
    @(65.3800 mm, 126.9000 mm): Segment of LED_23 on Edge.Cuts
    @(64.3800 mm, 124.6400 mm): Pad 2 [GND] of LED_23 on B.Cu
[copper_edge_clearance]: Board edge clearance violation (board setup constraints edge clearance 0.5000 mm; actual 0.2600 mm)
    Rule: board setup constraints edge; error
    @(65.3800 mm, 126.9000 mm): Segment of LED_23 on Edge.Cuts
    @(64.4200 mm, 126.1500 mm): Pad 3 [Net-(LED_18-DOUT)] of LED_23 on B.Cu
[copper_edge_clearance]: Board edge clearance violation (board setup constraints edge clearance 0.5000 mm; actual 0.3100 mm)
    Rule: board setup constraints edge; error
    @(68.7800 mm, 123.9000 mm): Segment of LED_23 on Edge.Cuts
    @(69.7900 mm, 126.2100 mm): Pad 4 [LED_DISP_PWR] of LED_23 on B.Cu
[copper_edge_clearance]: Board edge clearance violation (board setup constraints edge clearance 0.5000 mm; actual 0.3200 mm)
    Rule: board setup constraints edge; error
    @(144.9800 mm, 123.9000 mm): Segment of LED_3 on Edge.Cuts
    @(146.0000 mm, 124.6800 mm): Pad 1 [Net-(LED_3-DOUT)] of LED_3 on B.Cu
[copper_edge_clearance]: Board edge clearance violation (board setup constraints edge clearance 0.5000 mm; actual 0.3000 mm)
    Rule: board setup constraints edge; error
    @(141.5800 mm, 126.9000 mm): Segment of LED_3 on Edge.Cuts
    @(140.5800 mm, 124.6400 mm): Pad 2 [GND] of LED_3 on B.Cu
[copper_edge_clearance]: Board edge clearance violation (board setup constraints edge clearance 0.5000 mm; actual 0.2600 mm)
    Rule: board setup constraints edge; error
    @(141.5800 mm, 126.9000 mm): Segment of LED_3 on Edge.Cuts
    @(140.6200 mm, 126.1500 mm): Pad 3 [Net-(LED_1-DIN)] of LED_3 on B.Cu
[copper_edge_clearance]: Board edge clearance violation (board setup constraints edge clearance 0.5000 mm; actual 0.3100 mm)
    Rule: board setup constraints edge; error
    @(144.9800 mm, 123.9000 mm): Segment of LED_3 on Edge.Cuts
    @(145.9900 mm, 126.2100 mm): Pad 4 [LED_DISP_PWR] of LED_3 on B.Cu
[copper_edge_clearance]: Board edge clearance violation (board setup constraints edge clearance 0.5000 mm; actual 0.3200 mm)
    Rule: board setup constraints edge; error
    @(87.8300 mm, 162.0000 mm): Segment of LED_20 on Edge.Cuts
    @(88.8500 mm, 162.7800 mm): Pad 1 [Net-(LED_20-DOUT)] of LED_20 on B.Cu
[copper_edge_clearance]: Board edge clearance violation (board setup constraints edge clearance 0.5000 mm; actual 0.3000 mm)
    Rule: board setup constraints edge; error
    @(84.4300 mm, 165.0000 mm): Segment of LED_20 on Edge.Cuts
    @(83.4300 mm, 162.7400 mm): Pad 2 [GND] of LED_20 on B.Cu
[copper_edge_clearance]: Board edge clearance violation (board setup constraints edge clearance 0.5000 mm; actual 0.2600 mm)
    Rule: board setup constraints edge; error
    @(84.4300 mm, 165.0000 mm): Segment of LED_20 on Edge.Cuts
    @(83.4700 mm, 164.2500 mm): Pad 3 [Net-(LED_15-DOUT)] of LED_20 on B.Cu
[copper_edge_clearance]: Board edge clearance violation (board setup constraints edge clearance 0.5000 mm; actual 0.3100 mm)
    Rule: board setup constraints edge; error
    @(87.8300 mm, 162.0000 mm): Segment of LED_20 on Edge.Cuts
    @(88.8400 mm, 164.3100 mm): Pad 4 [LED_DISP_PWR] of LED_20 on B.Cu
[copper_edge_clearance]: Board edge clearance violation (board setup constraints edge clearance 0.5000 mm; actual 0.3200 mm)
    Rule: board setup constraints edge; error
    @(144.9800 mm, 162.0000 mm): Segment of LED_5 on Edge.Cuts
    @(146.0000 mm, 162.7800 mm): Pad 1 [Net-(LED_10-DIN)] of LED_5 on B.Cu
[copper_edge_clearance]: Board edge clearance violation (board setup constraints edge clearance 0.5000 mm; actual 0.3000 mm)
    Rule: board setup constraints edge; error
    @(141.5800 mm, 165.0000 mm): Segment of LED_5 on Edge.Cuts
    @(140.5800 mm, 162.7400 mm): Pad 2 [GND] of LED_5 on B.Cu
[copper_edge_clearance]: Board edge clearance violation (board setup constraints edge clearance 0.5000 mm; actual 0.2600 mm)
    Rule: board setup constraints edge; error
    @(141.5800 mm, 165.0000 mm): Segment of LED_5 on Edge.Cuts
    @(140.6200 mm, 164.2500 mm): Pad 3 [Net-(LED_1-DIN)] of LED_5 on B.Cu
[copper_edge_clearance]: Board edge clearance violation (board setup constraints edge clearance 0.5000 mm; actual 0.3100 mm)
    Rule: board setup constraints edge; error
    @(144.9800 mm, 162.0000 mm): Segment of LED_5 on Edge.Cuts
    @(145.9900 mm, 164.3100 mm): Pad 4 [LED_DISP_PWR] of LED_5 on B.Cu
[copper_edge_clearance]: Board edge clearance violation (board setup constraints edge clearance 0.5000 mm; actual 0.3200 mm)
    Rule: board setup constraints edge; error
    @(68.7800 mm, 85.8000 mm): Segment of LED_21 on Edge.Cuts
    @(69.8000 mm, 86.5800 mm): Pad 1 [unconnected-(LED_21-DOUT-Pad1)] of LED_21 on B.Cu
[copper_edge_clearance]: Board edge clearance violation (board setup constraints edge clearance 0.5000 mm; actual 0.3000 mm)
    Rule: board setup constraints edge; error
    @(65.3800 mm, 88.8000 mm): Segment of LED_21 on Edge.Cuts
    @(64.3800 mm, 86.5400 mm): Pad 2 [GND] of LED_21 on B.Cu
[copper_edge_clearance]: Board edge clearance violation (board setup constraints edge clearance 0.5000 mm; actual 0.2600 mm)
    Rule: board setup constraints edge; error
    @(65.3800 mm, 88.8000 mm): Segment of LED_21 on Edge.Cuts
    @(64.4200 mm, 88.0500 mm): Pad 3 [Net-(LED_16-DOUT)] of LED_21 on B.Cu
[copper_edge_clearance]: Board edge clearance violation (board setup constraints edge clearance 0.5000 mm; actual 0.3100 mm)
    Rule: board setup constraints edge; error
    @(68.7800 mm, 85.8000 mm): Segment of LED_21 on Edge.Cuts
    @(69.7900 mm, 88.1100 mm): Pad 4 [LED_DISP_PWR] of LED_21 on B.Cu
[copper_edge_clearance]: Board edge clearance violation (board setup constraints edge clearance 0.5000 mm; actual 0.3200 mm)
    Rule: board setup constraints edge; error
    @(68.7800 mm, 162.0000 mm): Segment of LED_25 on Edge.Cuts
    @(69.8000 mm, 162.7800 mm): Pad 1 [unconnected-(LED_25-DOUT-Pad1)] of LED_25 on B.Cu
[copper_edge_clearance]: Board edge clearance violation (board setup constraints edge clearance 0.5000 mm; actual 0.3000 mm)
    Rule: board setup constraints edge; error
    @(65.3800 mm, 165.0000 mm): Segment of LED_25 on Edge.Cuts
    @(64.3800 mm, 162.7400 mm): Pad 2 [GND] of LED_25 on B.Cu
[copper_edge_clearance]: Board edge clearance violation (board setup constraints edge clearance 0.5000 mm; actual 0.2600 mm)
    Rule: board setup constraints edge; error
    @(65.3800 mm, 165.0000 mm): Segment of LED_25 on Edge.Cuts
    @(64.4200 mm, 164.2500 mm): Pad 3 [Net-(LED_20-DOUT)] of LED_25 on B.Cu
[copper_edge_clearance]: Board edge clearance violation (board setup constraints edge clearance 0.5000 mm; actual 0.3100 mm)
    Rule: board setup constraints edge; error
    @(68.7800 mm, 162.0000 mm): Segment of LED_25 on Edge.Cuts
    @(69.7900 mm, 164.3100 mm): Pad 4 [LED_DISP_PWR] of LED_25 on B.Cu
[copper_edge_clearance]: Board edge clearance violation (board setup constraints edge clearance 0.5000 mm; actual 0.3200 mm)
    Rule: board setup constraints edge; error
    @(144.9800 mm, 142.9500 mm): Segment of LED_4 on Edge.Cuts
    @(146.0000 mm, 143.7300 mm): Pad 1 [Net-(LED_4-DOUT)] of LED_4 on B.Cu
[copper_edge_clearance]: Board edge clearance violation (board setup constraints edge clearance 0.5000 mm; actual 0.3000 mm)
    Rule: board setup constraints edge; error
    @(141.5800 mm, 145.9500 mm): Segment of LED_4 on Edge.Cuts
    @(140.5800 mm, 143.6900 mm): Pad 2 [GND] of LED_4 on B.Cu
[copper_edge_clearance]: Board edge clearance violation (board setup constraints edge clearance 0.5000 mm; actual 0.2600 mm)
    Rule: board setup constraints edge; error
    @(141.5800 mm, 145.9500 mm): Segment of LED_4 on Edge.Cuts
    @(140.6200 mm, 145.2000 mm): Pad 3 [Net-(LED_1-DIN)] of LED_4 on B.Cu
[copper_edge_clearance]: Board edge clearance violation (board setup constraints edge clearance 0.5000 mm; actual 0.3100 mm)
    Rule: board setup constraints edge; error
    @(144.9800 mm, 142.9500 mm): Segment of LED_4 on Edge.Cuts
    @(145.9900 mm, 145.2600 mm): Pad 4 [LED_DISP_PWR] of LED_4 on B.Cu
[copper_edge_clearance]: Board edge clearance violation (board setup constraints edge clearance 0.5000 mm; actual 0.3200 mm)
    Rule: board setup constraints edge; error
    @(106.8800 mm, 85.8000 mm): Segment of LED_11 on Edge.Cuts
    @(107.9000 mm, 86.5800 mm): Pad 1 [Net-(LED_11-DOUT)] of LED_11 on B.Cu
[copper_edge_clearance]: Board edge clearance violation (board setup constraints edge clearance 0.5000 mm; actual 0.3000 mm)
    Rule: board setup constraints edge; error
    @(103.4800 mm, 88.8000 mm): Segment of LED_11 on Edge.Cuts
    @(102.4800 mm, 86.5400 mm): Pad 2 [GND] of LED_11 on B.Cu
[copper_edge_clearance]: Board edge clearance violation (board setup constraints edge clearance 0.5000 mm; actual 0.2600 mm)
    Rule: board setup constraints edge; error
    @(103.4800 mm, 88.8000 mm): Segment of LED_11 on Edge.Cuts
    @(102.5200 mm, 88.0500 mm): Pad 3 [Net-(LED_11-DIN)] of LED_11 on B.Cu
[copper_edge_clearance]: Board edge clearance violation (board setup constraints edge clearance 0.5000 mm; actual 0.3100 mm)
    Rule: board setup constraints edge; error
    @(106.8800 mm, 85.8000 mm): Segment of LED_11 on Edge.Cuts
    @(107.8900 mm, 88.1100 mm): Pad 4 [LED_DISP_PWR] of LED_11 on B.Cu
[copper_edge_clearance]: Board edge clearance violation (board setup constraints edge clearance 0.5000 mm; actual 0.3200 mm)
    Rule: board setup constraints edge; error
    @(125.9300 mm, 123.9000 mm): Segment of LED_8 on Edge.Cuts
    @(126.9500 mm, 124.6800 mm): Pad 1 [Net-(LED_13-DIN)] of LED_8 on B.Cu
[copper_edge_clearance]: Board edge clearance violation (board setup constraints edge clearance 0.5000 mm; actual 0.3000 mm)
    Rule: board setup constraints edge; error
    @(122.5300 mm, 126.9000 mm): Segment of LED_8 on Edge.Cuts
    @(121.5300 mm, 124.6400 mm): Pad 2 [GND] of LED_8 on B.Cu
[copper_edge_clearance]: Board edge clearance violation (board setup constraints edge clearance 0.5000 mm; actual 0.2600 mm)
    Rule: board setup constraints edge; error
    @(122.5300 mm, 126.9000 mm): Segment of LED_8 on Edge.Cuts
    @(121.5700 mm, 126.1500 mm): Pad 3 [Net-(LED_3-DOUT)] of LED_8 on B.Cu
[copper_edge_clearance]: Board edge clearance violation (board setup constraints edge clearance 0.5000 mm; actual 0.3100 mm)
    Rule: board setup constraints edge; error
    @(125.9300 mm, 123.9000 mm): Segment of LED_8 on Edge.Cuts
    @(126.9400 mm, 126.2100 mm): Pad 4 [LED_DISP_PWR] of LED_8 on B.Cu
[copper_edge_clearance]: Board edge clearance violation (board setup constraints edge clearance 0.5000 mm; actual 0.3200 mm)
    Rule: board setup constraints edge; error
    @(106.8800 mm, 104.8500 mm): Segment of LED_12 on Edge.Cuts
    @(107.9000 mm, 105.6300 mm): Pad 1 [Net-(LED_12-DOUT)] of LED_12 on B.Cu
[copper_edge_clearance]: Board edge clearance violation (board setup constraints edge clearance 0.5000 mm; actual 0.3000 mm)
    Rule: board setup constraints edge; error
    @(103.4800 mm, 107.8500 mm): Segment of LED_12 on Edge.Cuts
    @(102.4800 mm, 105.5900 mm): Pad 2 [GND] of LED_12 on B.Cu
[copper_edge_clearance]: Board edge clearance violation (board setup constraints edge clearance 0.5000 mm; actual 0.2600 mm)
    Rule: board setup constraints edge; error
    @(103.4800 mm, 107.8500 mm): Segment of LED_12 on Edge.Cuts
    @(102.5200 mm, 107.1000 mm): Pad 3 [Net-(LED_12-DIN)] of LED_12 on B.Cu
[copper_edge_clearance]: Board edge clearance violation (board setup constraints edge clearance 0.5000 mm; actual 0.3100 mm)
    Rule: board setup constraints edge; error
    @(106.8800 mm, 104.8500 mm): Segment of LED_12 on Edge.Cuts
    @(107.8900 mm, 107.1600 mm): Pad 4 [LED_DISP_PWR] of LED_12 on B.Cu
[copper_edge_clearance]: Board edge clearance violation (board setup constraints edge clearance 0.5000 mm; actual 0.3200 mm)
    Rule: board setup constraints edge; error
    @(68.7800 mm, 104.8500 mm): Segment of LED_22 on Edge.Cuts
    @(69.8000 mm, 105.6300 mm): Pad 1 [unconnected-(LED_22-DOUT-Pad1)] of LED_22 on B.Cu
[copper_edge_clearance]: Board edge clearance violation (board setup constraints edge clearance 0.5000 mm; actual 0.3000 mm)
    Rule: board setup constraints edge; error
    @(65.3800 mm, 107.8500 mm): Segment of LED_22 on Edge.Cuts
    @(64.3800 mm, 105.5900 mm): Pad 2 [GND] of LED_22 on B.Cu
[copper_edge_clearance]: Board edge clearance violation (board setup constraints edge clearance 0.5000 mm; actual 0.2600 mm)
    Rule: board setup constraints edge; error
    @(65.3800 mm, 107.8500 mm): Segment of LED_22 on Edge.Cuts
    @(64.4200 mm, 107.1000 mm): Pad 3 [Net-(LED_17-DOUT)] of LED_22 on B.Cu
[copper_edge_clearance]: Board edge clearance violation (board setup constraints edge clearance 0.5000 mm; actual 0.3100 mm)
    Rule: board setup constraints edge; error
    @(68.7800 mm, 104.8500 mm): Segment of LED_22 on Edge.Cuts
    @(69.7900 mm, 107.1600 mm): Pad 4 [LED_DISP_PWR] of LED_22 on B.Cu
[copper_edge_clearance]: Board edge clearance violation (board setup constraints edge clearance 0.5000 mm; actual 0.3937 mm)
    Rule: board setup constraints edge; error
    @(57.5500 mm, 53.7200 mm): Rectangle on Edge.Cuts
    @(89.3700 mm, 54.9900 mm): PTH pad 13 [EC_03_RB] of MCU1
[copper_edge_clearance]: Board edge clearance violation (board setup constraints edge clearance 0.5000 mm; actual 0.3937 mm)
    Rule: board setup constraints edge; error
    @(57.5500 mm, 53.7200 mm): Rectangle on Edge.Cuts
    @(86.8300 mm, 54.9900 mm): PTH pad 14 [EC_02_RB] of MCU1
[copper_edge_clearance]: Board edge clearance violation (board setup constraints edge clearance 0.5000 mm; actual 0.3937 mm)
    Rule: board setup constraints edge; error
    @(57.5500 mm, 53.7200 mm): Rectangle on Edge.Cuts
    @(84.2900 mm, 54.9900 mm): PTH pad 15 [EC_01_RA] of MCU1
[copper_edge_clearance]: Board edge clearance violation (board setup constraints edge clearance 0.5000 mm; actual 0.3937 mm)
    Rule: board setup constraints edge; error
    @(57.5500 mm, 53.7200 mm): Rectangle on Edge.Cuts
    @(81.7500 mm, 54.9900 mm): PTH pad 16 [COL 5] of MCU1
[copper_edge_clearance]: Board edge clearance violation (board setup constraints edge clearance 0.5000 mm; actual 0.3937 mm)
    Rule: board setup constraints edge; error
    @(57.5500 mm, 53.7200 mm): Rectangle on Edge.Cuts
    @(79.2100 mm, 54.9900 mm): PTH pad 17 [COL 4] of MCU1
[copper_edge_clearance]: Board edge clearance violation (board setup constraints edge clearance 0.5000 mm; actual 0.3937 mm)
    Rule: board setup constraints edge; error
    @(57.5500 mm, 53.7200 mm): Rectangle on Edge.Cuts
    @(76.6700 mm, 54.9900 mm): PTH pad 18 [COL 3] of MCU1
[copper_edge_clearance]: Board edge clearance violation (board setup constraints edge clearance 0.5000 mm; actual 0.3937 mm)
    Rule: board setup constraints edge; error
    @(57.5500 mm, 53.7200 mm): Rectangle on Edge.Cuts
    @(74.1300 mm, 54.9900 mm): PTH pad 19 [COL 2] of MCU1
[copper_edge_clearance]: Board edge clearance violation (board setup constraints edge clearance 0.5000 mm; actual 0.3937 mm)
    Rule: board setup constraints edge; error
    @(57.5500 mm, 53.7200 mm): Rectangle on Edge.Cuts
    @(71.5900 mm, 54.9900 mm): PTH pad 20 [COL 1] of MCU1
[copper_edge_clearance]: Board edge clearance violation (board setup constraints edge clearance 0.5000 mm; actual 0.3937 mm)
    Rule: board setup constraints edge; error
    @(57.5500 mm, 53.7200 mm): Rectangle on Edge.Cuts
    @(69.0500 mm, 54.9900 mm): PTH pad 21 [VCC] of MCU1
[copper_edge_clearance]: Board edge clearance violation (board setup constraints edge clearance 0.5000 mm; actual 0.3937 mm)
    Rule: board setup constraints edge; error
    @(57.5500 mm, 53.7200 mm): Rectangle on Edge.Cuts
    @(66.5100 mm, 54.9900 mm): PTH pad 22 [RST] of MCU1
[copper_edge_clearance]: Board edge clearance violation (board setup constraints edge clearance 0.5000 mm; actual 0.3937 mm)
    Rule: board setup constraints edge; error
    @(57.5500 mm, 53.7200 mm): Rectangle on Edge.Cuts
    @(63.9700 mm, 54.9900 mm): PTH pad 23 [unconnected-(MCU1-GND-Pad23)] of MCU1
[copper_edge_clearance]: Board edge clearance violation (board setup constraints edge clearance 0.5000 mm; actual 0.3937 mm)
    Rule: board setup constraints edge; error
    @(57.5500 mm, 53.7200 mm): Rectangle on Edge.Cuts
    @(61.4300 mm, 54.9900 mm): PTH pad 24 [BATIN] of MCU1
[copper_edge_clearance]: Board edge clearance violation (board setup constraints edge clearance 0.5000 mm; actual 0.3200 mm)
    Rule: board setup constraints edge; error
    @(144.9800 mm, 104.8500 mm): Segment of LED_2 on Edge.Cuts
    @(146.0000 mm, 105.6300 mm): Pad 1 [Net-(LED_2-DOUT)] of LED_2 on B.Cu
[copper_edge_clearance]: Board edge clearance violation (board setup constraints edge clearance 0.5000 mm; actual 0.3000 mm)
    Rule: board setup constraints edge; error
    @(141.5800 mm, 107.8500 mm): Segment of LED_2 on Edge.Cuts
    @(140.5800 mm, 105.5900 mm): Pad 2 [GND] of LED_2 on B.Cu
[copper_edge_clearance]: Board edge clearance violation (board setup constraints edge clearance 0.5000 mm; actual 0.2600 mm)
    Rule: board setup constraints edge; error
    @(141.5800 mm, 107.8500 mm): Segment of LED_2 on Edge.Cuts
    @(140.6200 mm, 107.1000 mm): Pad 3 [Net-(LED_1-DIN)] of LED_2 on B.Cu
[copper_edge_clearance]: Board edge clearance violation (board setup constraints edge clearance 0.5000 mm; actual 0.3100 mm)
    Rule: board setup constraints edge; error
    @(144.9800 mm, 104.8500 mm): Segment of LED_2 on Edge.Cuts
    @(145.9900 mm, 107.1600 mm): Pad 4 [LED_DISP_PWR] of LED_2 on B.Cu
[copper_edge_clearance]: Board edge clearance violation (board setup constraints edge clearance 0.5000 mm; actual 0.3200 mm)
    Rule: board setup constraints edge; error
    @(125.9300 mm, 142.9500 mm): Segment of LED_9 on Edge.Cuts
    @(126.9500 mm, 143.7300 mm): Pad 1 [Net-(LED_14-DIN)] of LED_9 on B.Cu
[copper_edge_clearance]: Board edge clearance violation (board setup constraints edge clearance 0.5000 mm; actual 0.3000 mm)
    Rule: board setup constraints edge; error
    @(122.5300 mm, 145.9500 mm): Segment of LED_9 on Edge.Cuts
    @(121.5300 mm, 143.6900 mm): Pad 2 [GND] of LED_9 on B.Cu
[copper_edge_clearance]: Board edge clearance violation (board setup constraints edge clearance 0.5000 mm; actual 0.2600 mm)
    Rule: board setup constraints edge; error
    @(122.5300 mm, 145.9500 mm): Segment of LED_9 on Edge.Cuts
    @(121.5700 mm, 145.2000 mm): Pad 3 [Net-(LED_4-DOUT)] of LED_9 on B.Cu
[copper_edge_clearance]: Board edge clearance violation (board setup constraints edge clearance 0.5000 mm; actual 0.3100 mm)
    Rule: board setup constraints edge; error
    @(125.9300 mm, 142.9500 mm): Segment of LED_9 on Edge.Cuts
    @(126.9400 mm, 145.2600 mm): Pad 4 [LED_DISP_PWR] of LED_9 on B.Cu
[copper_edge_clearance]: Board edge clearance violation (board setup constraints edge clearance 0.5000 mm; actual 0.3200 mm)
    Rule: board setup constraints edge; error
    @(106.8800 mm, 142.9500 mm): Segment of LED_14 on Edge.Cuts
    @(107.9000 mm, 143.7300 mm): Pad 1 [Net-(LED_14-DOUT)] of LED_14 on B.Cu
[copper_edge_clearance]: Board edge clearance violation (board setup constraints edge clearance 0.5000 mm; actual 0.3000 mm)
    Rule: board setup constraints edge; error
    @(103.4800 mm, 145.9500 mm): Segment of LED_14 on Edge.Cuts
    @(102.4800 mm, 143.6900 mm): Pad 2 [GND] of LED_14 on B.Cu
[copper_edge_clearance]: Board edge clearance violation (board setup constraints edge clearance 0.5000 mm; actual 0.2600 mm)
    Rule: board setup constraints edge; error
    @(103.4800 mm, 145.9500 mm): Segment of LED_14 on Edge.Cuts
    @(102.5200 mm, 145.2000 mm): Pad 3 [Net-(LED_14-DIN)] of LED_14 on B.Cu
[copper_edge_clearance]: Board edge clearance violation (board setup constraints edge clearance 0.5000 mm; actual 0.3100 mm)
    Rule: board setup constraints edge; error
    @(106.8800 mm, 142.9500 mm): Segment of LED_14 on Edge.Cuts
    @(107.8900 mm, 145.2600 mm): Pad 4 [LED_DISP_PWR] of LED_14 on B.Cu
[copper_edge_clearance]: Board edge clearance violation (board setup constraints edge clearance 0.5000 mm; actual 0.3200 mm)
    Rule: board setup constraints edge; error
    @(125.9300 mm, 85.8000 mm): Segment of LED_6 on Edge.Cuts
    @(126.9500 mm, 86.5800 mm): Pad 1 [Net-(LED_11-DIN)] of LED_6 on B.Cu
[copper_edge_clearance]: Board edge clearance violation (board setup constraints edge clearance 0.5000 mm; actual 0.3000 mm)
    Rule: board setup constraints edge; error
    @(122.5300 mm, 88.8000 mm): Segment of LED_6 on Edge.Cuts
    @(121.5300 mm, 86.5400 mm): Pad 2 [GND] of LED_6 on B.Cu
[copper_edge_clearance]: Board edge clearance violation (board setup constraints edge clearance 0.5000 mm; actual 0.2600 mm)
    Rule: board setup constraints edge; error
    @(122.5300 mm, 88.8000 mm): Segment of LED_6 on Edge.Cuts
    @(121.5700 mm, 88.0500 mm): Pad 3 [Net-(LED_1-DOUT)] of LED_6 on B.Cu
[copper_edge_clearance]: Board edge clearance violation (board setup constraints edge clearance 0.5000 mm; actual 0.3100 mm)
    Rule: board setup constraints edge; error
    @(125.9300 mm, 85.8000 mm): Segment of LED_6 on Edge.Cuts
    @(126.9400 mm, 88.1100 mm): Pad 4 [LED_DISP_PWR] of LED_6 on B.Cu
[copper_edge_clearance]: Board edge clearance violation (board setup constraints edge clearance 0.5000 mm; actual 0.3200 mm)
    Rule: board setup constraints edge; error
    @(144.9800 mm, 85.8000 mm): Segment of LED_1 on Edge.Cuts
    @(146.0000 mm, 86.5800 mm): Pad 1 [Net-(LED_1-DOUT)] of LED_1 on B.Cu
[copper_edge_clearance]: Board edge clearance violation (board setup constraints edge clearance 0.5000 mm; actual 0.3000 mm)
    Rule: board setup constraints edge; error
    @(141.5800 mm, 88.8000 mm): Segment of LED_1 on Edge.Cuts
    @(140.5800 mm, 86.5400 mm): Pad 2 [GND] of LED_1 on B.Cu
[copper_edge_clearance]: Board edge clearance violation (board setup constraints edge clearance 0.5000 mm; actual 0.2600 mm)
    Rule: board setup constraints edge; error
    @(141.5800 mm, 88.8000 mm): Segment of LED_1 on Edge.Cuts
    @(140.6200 mm, 88.0500 mm): Pad 3 [Net-(LED_1-DIN)] of LED_1 on B.Cu
[copper_edge_clearance]: Board edge clearance violation (board setup constraints edge clearance 0.5000 mm; actual 0.3100 mm)
    Rule: board setup constraints edge; error
    @(144.9800 mm, 85.8000 mm): Segment of LED_1 on Edge.Cuts
    @(145.9900 mm, 88.1100 mm): Pad 4 [LED_DISP_PWR] of LED_1 on B.Cu
[copper_edge_clearance]: Board edge clearance violation (board setup constraints edge clearance 0.5000 mm; actual 0.3200 mm)
    Rule: board setup constraints edge; error
    @(106.8950 mm, 123.9150 mm): Segment of LED_13 on Edge.Cuts
    @(107.9150 mm, 124.6950 mm): Pad 1 [Net-(LED_13-DOUT)] of LED_13 on B.Cu
[copper_edge_clearance]: Board edge clearance violation (board setup constraints edge clearance 0.5000 mm; actual 0.3000 mm)
    Rule: board setup constraints edge; error
    @(103.4950 mm, 126.9150 mm): Segment of LED_13 on Edge.Cuts
    @(102.4950 mm, 124.6550 mm): Pad 2 [GND] of LED_13 on B.Cu
[copper_edge_clearance]: Board edge clearance violation (board setup constraints edge clearance 0.5000 mm; actual 0.2600 mm)
    Rule: board setup constraints edge; error
    @(103.4950 mm, 126.9150 mm): Segment of LED_13 on Edge.Cuts
    @(102.5350 mm, 126.1650 mm): Pad 3 [Net-(LED_13-DIN)] of LED_13 on B.Cu
[copper_edge_clearance]: Board edge clearance violation (board setup constraints edge clearance 0.5000 mm; actual 0.3100 mm)
    Rule: board setup constraints edge; error
    @(106.8950 mm, 123.9150 mm): Segment of LED_13 on Edge.Cuts
    @(107.9050 mm, 126.2250 mm): Pad 4 [LED_DISP_PWR] of LED_13 on B.Cu
[copper_edge_clearance]: Board edge clearance violation (board setup constraints edge clearance 0.5000 mm; actual 0.3200 mm)
    Rule: board setup constraints edge; error
    @(106.8800 mm, 162.0000 mm): Segment of LED_15 on Edge.Cuts
    @(107.9000 mm, 162.7800 mm): Pad 1 [Net-(LED_15-DOUT)] of LED_15 on B.Cu
[copper_edge_clearance]: Board edge clearance violation (board setup constraints edge clearance 0.5000 mm; actual 0.3000 mm)
    Rule: board setup constraints edge; error
    @(103.4800 mm, 165.0000 mm): Segment of LED_15 on Edge.Cuts
    @(102.4800 mm, 162.7400 mm): Pad 2 [GND] of LED_15 on B.Cu
[copper_edge_clearance]: Board edge clearance violation (board setup constraints edge clearance 0.5000 mm; actual 0.2600 mm)
    Rule: board setup constraints edge; error
    @(103.4800 mm, 165.0000 mm): Segment of LED_15 on Edge.Cuts
    @(102.5200 mm, 164.2500 mm): Pad 3 [Net-(LED_10-DOUT)] of LED_15 on B.Cu
[copper_edge_clearance]: Board edge clearance violation (board setup constraints edge clearance 0.5000 mm; actual 0.3100 mm)
    Rule: board setup constraints edge; error
    @(106.8800 mm, 162.0000 mm): Segment of LED_15 on Edge.Cuts
    @(107.8900 mm, 164.3100 mm): Pad 4 [LED_DISP_PWR] of LED_15 on B.Cu
[copper_edge_clearance]: Board edge clearance violation (board setup constraints edge clearance 0.5000 mm; actual 0.3200 mm)
    Rule: board setup constraints edge; error
    @(125.9300 mm, 104.8500 mm): Segment of LED_7 on Edge.Cuts
    @(126.9500 mm, 105.6300 mm): Pad 1 [Net-(LED_12-DIN)] of LED_7 on B.Cu
[copper_edge_clearance]: Board edge clearance violation (board setup constraints edge clearance 0.5000 mm; actual 0.3000 mm)
    Rule: board setup constraints edge; error
    @(122.5300 mm, 107.8500 mm): Segment of LED_7 on Edge.Cuts
    @(121.5300 mm, 105.5900 mm): Pad 2 [GND] of LED_7 on B.Cu
[copper_edge_clearance]: Board edge clearance violation (board setup constraints edge clearance 0.5000 mm; actual 0.2600 mm)
    Rule: board setup constraints edge; error
    @(122.5300 mm, 107.8500 mm): Segment of LED_7 on Edge.Cuts
    @(121.5700 mm, 107.1000 mm): Pad 3 [Net-(LED_2-DOUT)] of LED_7 on B.Cu
[copper_edge_clearance]: Board edge clearance violation (board setup constraints edge clearance 0.5000 mm; actual 0.3100 mm)
    Rule: board setup constraints edge; error
    @(125.9300 mm, 104.8500 mm): Segment of LED_7 on Edge.Cuts
    @(126.9400 mm, 107.1600 mm): Pad 4 [LED_DISP_PWR] of LED_7 on B.Cu
[copper_edge_clearance]: Board edge clearance violation (board setup constraints edge clearance 0.5000 mm; actual 0.3200 mm)
    Rule: board setup constraints edge; error
    @(87.8300 mm, 85.8000 mm): Segment of LED_16 on Edge.Cuts
    @(88.8500 mm, 86.5800 mm): Pad 1 [Net-(LED_16-DOUT)] of LED_16 on B.Cu
[copper_edge_clearance]: Board edge clearance violation (board setup constraints edge clearance 0.5000 mm; actual 0.3000 mm)
    Rule: board setup constraints edge; error
    @(84.4300 mm, 88.8000 mm): Segment of LED_16 on Edge.Cuts
    @(83.4300 mm, 86.5400 mm): Pad 2 [GND] of LED_16 on B.Cu
[copper_edge_clearance]: Board edge clearance violation (board setup constraints edge clearance 0.5000 mm; actual 0.2600 mm)
    Rule: board setup constraints edge; error
    @(84.4300 mm, 88.8000 mm): Segment of LED_16 on Edge.Cuts
    @(83.4700 mm, 88.0500 mm): Pad 3 [Net-(LED_11-DOUT)] of LED_16 on B.Cu
[copper_edge_clearance]: Board edge clearance violation (board setup constraints edge clearance 0.5000 mm; actual 0.3100 mm)
    Rule: board setup constraints edge; error
    @(87.8300 mm, 85.8000 mm): Segment of LED_16 on Edge.Cuts
    @(88.8400 mm, 88.1100 mm): Pad 4 [LED_DISP_PWR] of LED_16 on B.Cu
[copper_edge_clearance]: Board edge clearance violation (board setup constraints edge clearance 0.5000 mm; actual 0.3200 mm)
    Rule: board setup constraints edge; error
    @(87.8300 mm, 123.9000 mm): Segment of LED_18 on Edge.Cuts
    @(88.8500 mm, 124.6800 mm): Pad 1 [Net-(LED_18-DOUT)] of LED_18 on B.Cu
[copper_edge_clearance]: Board edge clearance violation (board setup constraints edge clearance 0.5000 mm; actual 0.3000 mm)
    Rule: board setup constraints edge; error
    @(84.4300 mm, 126.9000 mm): Segment of LED_18 on Edge.Cuts
    @(83.4300 mm, 124.6400 mm): Pad 2 [GND] of LED_18 on B.Cu
[copper_edge_clearance]: Board edge clearance violation (board setup constraints edge clearance 0.5000 mm; actual 0.2600 mm)
    Rule: board setup constraints edge; error
    @(84.4300 mm, 126.9000 mm): Segment of LED_18 on Edge.Cuts
    @(83.4700 mm, 126.1500 mm): Pad 3 [Net-(LED_13-DOUT)] of LED_18 on B.Cu
[copper_edge_clearance]: Board edge clearance violation (board setup constraints edge clearance 0.5000 mm; actual 0.3100 mm)
    Rule: board setup constraints edge; error
    @(87.8300 mm, 123.9000 mm): Segment of LED_18 on Edge.Cuts
    @(88.8400 mm, 126.2100 mm): Pad 4 [LED_DISP_PWR] of LED_18 on B.Cu
[copper_edge_clearance]: Board edge clearance violation (board setup constraints edge clearance 0.5000 mm; actual 0.3200 mm)
    Rule: board setup constraints edge; error
    @(87.8300 mm, 142.9500 mm): Segment of LED_19 on Edge.Cuts
    @(88.8500 mm, 143.7300 mm): Pad 1 [Net-(LED_19-DOUT)] of LED_19 on B.Cu
[copper_edge_clearance]: Board edge clearance violation (board setup constraints edge clearance 0.5000 mm; actual 0.3000 mm)
    Rule: board setup constraints edge; error
    @(84.4300 mm, 145.9500 mm): Segment of LED_19 on Edge.Cuts
    @(83.4300 mm, 143.6900 mm): Pad 2 [GND] of LED_19 on B.Cu
[copper_edge_clearance]: Board edge clearance violation (board setup constraints edge clearance 0.5000 mm; actual 0.2600 mm)
    Rule: board setup constraints edge; error
    @(84.4300 mm, 145.9500 mm): Segment of LED_19 on Edge.Cuts
    @(83.4700 mm, 145.2000 mm): Pad 3 [Net-(LED_14-DOUT)] of LED_19 on B.Cu
[copper_edge_clearance]: Board edge clearance violation (board setup constraints edge clearance 0.5000 mm; actual 0.3100 mm)
    Rule: board setup constraints edge; error
    @(87.8300 mm, 142.9500 mm): Segment of LED_19 on Edge.Cuts
    @(88.8400 mm, 145.2600 mm): Pad 4 [LED_DISP_PWR] of LED_19 on B.Cu
[copper_edge_clearance]: Board edge clearance violation (board setup constraints edge clearance 0.5000 mm; actual 0.3200 mm)
    Rule: board setup constraints edge; error
    @(125.9300 mm, 162.0000 mm): Segment of LED_10 on Edge.Cuts
    @(126.9500 mm, 162.7800 mm): Pad 1 [Net-(LED_10-DOUT)] of LED_10 on B.Cu
[copper_edge_clearance]: Board edge clearance violation (board setup constraints edge clearance 0.5000 mm; actual 0.3000 mm)
    Rule: board setup constraints edge; error
    @(122.5300 mm, 165.0000 mm): Segment of LED_10 on Edge.Cuts
    @(121.5300 mm, 162.7400 mm): Pad 2 [GND] of LED_10 on B.Cu
[copper_edge_clearance]: Board edge clearance violation (board setup constraints edge clearance 0.5000 mm; actual 0.2600 mm)
    Rule: board setup constraints edge; error
    @(122.5300 mm, 165.0000 mm): Segment of LED_10 on Edge.Cuts
    @(121.5700 mm, 164.2500 mm): Pad 3 [Net-(LED_10-DIN)] of LED_10 on B.Cu
[copper_edge_clearance]: Board edge clearance violation (board setup constraints edge clearance 0.5000 mm; actual 0.3100 mm)
    Rule: board setup constraints edge; error
    @(125.9300 mm, 162.0000 mm): Segment of LED_10 on Edge.Cuts
    @(126.9400 mm, 164.3100 mm): Pad 4 [LED_DISP_PWR] of LED_10 on B.Cu
[copper_edge_clearance]: Board edge clearance violation (board setup constraints edge clearance 0.5000 mm; actual 0.0000 mm)
    Rule: board setup constraints edge; error
    @(57.5500 mm, 53.7200 mm): Rectangle on Edge.Cuts
    @(95.1400 mm, 53.9300 mm): Pad [<no net>] of LED-OLED-Power-Switch_SPDT2 on B.Cu
[copper_edge_clearance]: Board edge clearance violation (board setup constraints edge clearance 0.5000 mm; actual 0.0000 mm)
    Rule: board setup constraints edge; error
    @(57.5500 mm, 53.7200 mm): Rectangle on Edge.Cuts
    @(102.5400 mm, 53.9300 mm): Pad [<no net>] of LED-OLED-Power-Switch_SPDT2 on B.Cu
[copper_edge_clearance]: Board edge clearance violation (board setup constraints edge clearance 0.5000 mm; actual 0.3200 mm)
    Rule: board setup constraints edge; error
    @(68.7800 mm, 142.9500 mm): Segment of LED_24 on Edge.Cuts
    @(69.8000 mm, 143.7300 mm): Pad 1 [unconnected-(LED_24-DOUT-Pad1)] of LED_24 on B.Cu
[copper_edge_clearance]: Board edge clearance violation (board setup constraints edge clearance 0.5000 mm; actual 0.3000 mm)
    Rule: board setup constraints edge; error
    @(65.3800 mm, 145.9500 mm): Segment of LED_24 on Edge.Cuts
    @(64.3800 mm, 143.6900 mm): Pad 2 [GND] of LED_24 on B.Cu
[copper_edge_clearance]: Board edge clearance violation (board setup constraints edge clearance 0.5000 mm; actual 0.2600 mm)
    Rule: board setup constraints edge; error
    @(65.3800 mm, 145.9500 mm): Segment of LED_24 on Edge.Cuts
    @(64.4200 mm, 145.2000 mm): Pad 3 [Net-(LED_19-DOUT)] of LED_24 on B.Cu
[copper_edge_clearance]: Board edge clearance violation (board setup constraints edge clearance 0.5000 mm; actual 0.3100 mm)
    Rule: board setup constraints edge; error
    @(68.7800 mm, 142.9500 mm): Segment of LED_24 on Edge.Cuts
    @(69.7900 mm, 145.2600 mm): Pad 4 [LED_DISP_PWR] of LED_24 on B.Cu
[copper_edge_clearance]: Board edge clearance violation (board setup constraints edge clearance 0.5000 mm; actual 0.3200 mm)
    Rule: board setup constraints edge; error
    @(87.8300 mm, 104.8500 mm): Segment of LED_17 on Edge.Cuts
    @(88.8500 mm, 105.6300 mm): Pad 1 [Net-(LED_17-DOUT)] of LED_17 on B.Cu
[copper_edge_clearance]: Board edge clearance violation (board setup constraints edge clearance 0.5000 mm; actual 0.3000 mm)
    Rule: board setup constraints edge; error
    @(84.4300 mm, 107.8500 mm): Segment of LED_17 on Edge.Cuts
    @(83.4300 mm, 105.5900 mm): Pad 2 [GND] of LED_17 on B.Cu
[copper_edge_clearance]: Board edge clearance violation (board setup constraints edge clearance 0.5000 mm; actual 0.2600 mm)
    Rule: board setup constraints edge; error
    @(84.4300 mm, 107.8500 mm): Segment of LED_17 on Edge.Cuts
    @(83.4700 mm, 107.1000 mm): Pad 3 [Net-(LED_12-DOUT)] of LED_17 on B.Cu
[copper_edge_clearance]: Board edge clearance violation (board setup constraints edge clearance 0.5000 mm; actual 0.3100 mm)
    Rule: board setup constraints edge; error
    @(87.8300 mm, 104.8500 mm): Segment of LED_17 on Edge.Cuts
    @(88.8400 mm, 107.1600 mm): Pad 4 [LED_DISP_PWR] of LED_17 on B.Cu
[copper_edge_clearance]: Board edge clearance violation (board setup constraints edge clearance 0.5000 mm; actual 0.2700 mm)
    Rule: board setup constraints edge; error
    @(57.5500 mm, 53.7200 mm): Rectangle on Edge.Cuts
    @(58.2700 mm, 59.0700 mm): Pad [<no net>] of BAT-Power-Switch_SPDT1 on F.Cu
[copper_edge_clearance]: Board edge clearance violation (board setup constraints edge clearance 0.5000 mm; actual 0.2700 mm)
    Rule: board setup constraints edge; error
    @(57.5500 mm, 53.7200 mm): Rectangle on Edge.Cuts
    @(58.2700 mm, 66.4700 mm): Pad [<no net>] of BAT-Power-Switch_SPDT1 on F.Cu
[copper_edge_clearance]: Board edge clearance violation (board setup constraints edge clearance 0.5000 mm; actual 0.4700 mm)
    Rule: board setup constraints edge; error
    @(57.5500 mm, 53.7200 mm): Rectangle on Edge.Cuts
    @(151.8800 mm, 109.6000 mm): Pad 1 [ROW 1] of D_22 on B.Cu
[copper_edge_clearance]: Board edge clearance violation (board setup constraints edge clearance 0.5000 mm; actual 0.4900 mm)
    Rule: board setup constraints edge; error
    @(57.5500 mm, 53.7200 mm): Rectangle on Edge.Cuts
    @(151.8600 mm, 90.6200 mm): Pad 1 [ROW 0] of D_21 on B.Cu
[copper_edge_clearance]: Board edge clearance violation (board setup constraints edge clearance 0.5000 mm; actual 0.4500 mm)
    Rule: board setup constraints edge; error
    @(57.5500 mm, 53.7200 mm): Rectangle on Edge.Cuts
    @(151.9000 mm, 71.4300 mm): Pad 1 [ROW 0] of D_26 on B.Cu
[solder_mask_bridge]: Rear solder mask aperture bridges items with different nets
    Rule: board setup solder mask min width; error
    @(59.3700 mm, 61.2700 mm): NPTH pad of BAT-Power-Switch_SPDT1
    @(59.7950 mm, 60.1550 mm): Pad 1 [GND] of SW27_RST1 on B.Cu
[solder_mask_bridge]: Rear solder mask aperture bridges items with different nets
    Rule: board setup solder mask min width; error
    @(59.3700 mm, 64.2700 mm): NPTH pad of BAT-Power-Switch_SPDT1
    @(59.7950 mm, 65.4050 mm): Pad 1 [GND] of SW27_RST1 on B.Cu
[solder_mask_bridge]: Front solder mask aperture bridges items with different nets
    Rule: board setup solder mask min width; error
    @(62.0200 mm, 62.7800 mm): NPTH pad of SW27_RST1
    @(61.4450 mm, 63.5200 mm): Pad 2 [BATIN] of BAT-Power-Switch_SPDT1 on F.Cu

** Found 0 unconnected pads **

** Found 0 Footprint errors **

** End of Report **
